---
source: crates/herder-tui/src/ui/snapshot.rs
expression: dump(&buffer)
---
|┃ write the docs page too, and link it from  |
|┃ @README.md                                 |
|┃                                            |
|┃ claude-main · opus · ask                   |
|╹                                            |
|                                             |
|┃ Write a prompt…                            |
|┃                                            |
|┃ claude-main · opus · ask                   |
|╹                                            |
|                                             |

 0   0..1   fg=Cyan bg=Reset
 0   1..2   fg=Reset bg=Reset
 0   2..3   fg=Reset bg=Reset REVERSED
 0   3..45  fg=Reset bg=Reset
 1   0..1   fg=Cyan bg=Reset
 1   1..45  fg=Reset bg=Reset
 2   0..1   fg=Cyan bg=Reset
 2   1..45  fg=Reset bg=Reset
 3   0..1   fg=Cyan bg=Reset
 3   1..13  fg=Reset bg=Reset
 3  13..26  fg=DarkGray bg=Reset
 3  26..45  fg=Reset bg=Reset
 4   0..1   fg=Cyan bg=Reset
 4   1..45  fg=Reset bg=Reset
 5   0..45  fg=Reset bg=Reset
 6   0..1   fg=DarkGray bg=Reset
 6   1..2   fg=Reset bg=Reset
 6   2..44  fg=DarkGray bg=Reset
 6  44..45  fg=Reset bg=Reset
 7   0..1   fg=DarkGray bg=Reset
 7   1..45  fg=Reset bg=Reset
 8   0..1   fg=DarkGray bg=Reset
 8   1..13  fg=Reset bg=Reset
 8  13..26  fg=DarkGray bg=Reset
 8  26..45  fg=Reset bg=Reset
 9   0..1   fg=DarkGray bg=Reset
 9   1..45  fg=Reset bg=Reset
10   0..45  fg=Reset bg=Reset
