---
source: crates/herder-tui/src/ui/snapshot.rs
expression: dump(&buffer)
---
|behind the dialog: what it covers dims       |
|behind the dialog: what it covers dims       |
|┌ go to ─────────────────────────────── esc ┐|
|│                                           │|
|│  the body                                 │|
|│  goes here                                │|
|│                                           │|
|│  enter open  esc close                    │|
|│                                           │|
|└───────────────────────────────────────────┘|
|behind the dialog: what it covers dims       |
|behind the dialog: what it covers dims       |

 0   0..45  fg=#6b6f7a bg=#ffffff
 1   0..45  fg=#6b6f7a bg=#ffffff
 2   0..2   fg=#f6f7f9 bg=#f6f7f9
 2   2..7   fg=#1c1c1c bg=#f6f7f9 BOLD
 2   7..39  fg=#f6f7f9 bg=#f6f7f9
 2  39..44  fg=#6b6f7a bg=#f6f7f9
 2  44..45  fg=#f6f7f9 bg=#f6f7f9
 3   0..1   fg=#f6f7f9 bg=#f6f7f9
 3   1..44  fg=#1c1c1c bg=#f6f7f9
 3  44..45  fg=#f6f7f9 bg=#f6f7f9
 4   0..1   fg=#f6f7f9 bg=#f6f7f9
 4   1..44  fg=#1c1c1c bg=#f6f7f9
 4  44..45  fg=#f6f7f9 bg=#f6f7f9
 5   0..1   fg=#f6f7f9 bg=#f6f7f9
 5   1..44  fg=#1c1c1c bg=#f6f7f9
 5  44..45  fg=#f6f7f9 bg=#f6f7f9
 6   0..1   fg=#f6f7f9 bg=#f6f7f9
 6   1..44  fg=#1c1c1c bg=#f6f7f9
 6  44..45  fg=#f6f7f9 bg=#f6f7f9
 7   0..1   fg=#f6f7f9 bg=#f6f7f9
 7   1..3   fg=#1c1c1c bg=#f6f7f9
 7   3..8   fg=#1c1c1c bg=#f6f7f9 BOLD
 7   8..13  fg=#6b6f7a bg=#f6f7f9
 7  13..15  fg=#1c1c1c bg=#f6f7f9
 7  15..18  fg=#1c1c1c bg=#f6f7f9 BOLD
 7  18..24  fg=#6b6f7a bg=#f6f7f9
 7  24..44  fg=#1c1c1c bg=#f6f7f9
 7  44..45  fg=#f6f7f9 bg=#f6f7f9
 8   0..1   fg=#f6f7f9 bg=#f6f7f9
 8   1..44  fg=#1c1c1c bg=#f6f7f9
 8  44..45  fg=#f6f7f9 bg=#f6f7f9
 9   0..45  fg=#f6f7f9 bg=#f6f7f9
10   0..45  fg=#6b6f7a bg=#ffffff
11   0..45  fg=#6b6f7a bg=#ffffff
