---
source: crates/herder-tui/src/views/tests.rs
expression: "render(&mut app, 100, 20).backend()"
---
" ‹ back  herder                                                                         inbox 0  +  "
"┌ sessions ─────────────────────┐                                                                   "
"│● box (4)                      │                                                                   "
"│ needs you ▾ app · herder/… (2)│                                                                   "
"│ running   └ writ┌ new session ─────────────────────────────────────────────────┐                  "
"│ error     └ docu│                                                              │                  "
"│ idle      app · │ machine  ‹ box ›                                             │                  "
"│                 │                                                              │                  "
"│                 │ repo     /home/ann/src/app                                   │                  "
"│                 │                                                              │                  "
"│                 │ account  ‹ Main (claude-main) ›                              │                  "
"│                 │                                                              │                  "
"│                 │ model     provider default                                   │                  "
"│                 │                                                              │                  "
"│                 │ mode     ‹ ask ›                                             │                  "
"│                 │                                                              │                  "
"│                 └───── Enter create · Tab next · ←/→ change · Esc cancel ──────┘                  "
"│                               │                                                                   "
"└───────────────────────────────┘                                                                   "
" ? help  q quit                                                                    ● box connected  "
