---
source: crates/herder-tui/src/views/tests.rs
expression: "render(&mut app, width, height).backend()"
---
" herder        inbox 0 « │  chat   tasks   prs   term                        │ ○ docs  idle                             "
"                         │                                                   │ herder/docs · vault · ~/src/app          "
" machines     by machine │                                                   │ claude-main · claude-opus · ask          "
"  ○ vault                │                                                   │                                          "
"    ├ ○ devbox           │  ┌ recover app · docs ──────────────────────────────────────────┐                            "
"    │ ├ ○ app · api      │  │                                                              │                            "
"    │ └ ○ app · login    │  │ laptop is offline · last seen 2h 5m ago                      │                            "
"    └ ○ laptop   offline │  │                                                              │                            "
"▶     └ ○ app · docs     │  │ Take it over on:                                             │                            "
"                         │  │ ▸ devbox                                                     │                            "
"                         │  │                                                              │                            "
"                         │  │ run on devbox:                                               │                            "
"                         │  │   herder recover s2                                          │                            "
"                         │  │                                                              │                            "
"                         │  │ It keeps its id and continues there from its last            │                            "
"                         │  │ checkpoint. If laptop comes back, its copy turns read-only.  │                            "
"                         │  │                                                              │                            "
"                         │  └──────────────────── j/k host  Esc close ─────────────────────┘                            "
"                         │                                                   │                                          "
"                         │                                                   │                                          "
" ─────────────────────── │  laptop is offline · R recover                    │                                          "
" + new            ≡ menu │                                                   │                                          "
"─────────────────────────┴───────────────────────────────────────────────────┴───────────────────────────────────────── "
" esc close                                                                                                     ● vault  "
