---
source: crates/herder-tui/src/views/tests.rs
expression: "render(&mut app, 110, 20).backend()"
---
" box › write the tests                                                                            inbox 2  +  "
"┌ sessions ────────────────────────┐    · question for the primary session: Which port should the server us…  "
"│● box (4)                         │    · question escalated to you: the primary session left it to you; th…  "
"│ needs you ▾ app · herder/… (2) !1│    △ allowed by the primary session                                      "
"│ question  └ write the tests      │                                                                          "
"│ error     └ document it          │                                                                          "
"│ approve?  app · herder/fix-login │                                                                          "
"│                                  │                                                                          "
"│                                  │                                                                          "
"│                                  │                                                                          "
"│                                  │                                                                          "
"│                                  │ ┃                                                                        "
"│                                  │ ┃ ? question                                              asked 0s ago   "
"│                                  │ ┃ Which port should the server use?                                      "
"│                                  │ ┃ or type an answer…                                                     "
"│                                  │ ┃                                                                        "
"│                                  │ ┃ claude-main · claude-opus · ask                                        "
"│                                  │ ╹                                                                        "
"└──────────────────────────────────┘   ⠋ working · 0s  ctrl+c stop                                            "
" 2 waiting on you · I inbox  i write  [ ] items  e expand  c copy  ? help                    ● box connected  "
