---
source: crates/herder-tui/src/views/tests.rs
expression: terminal.backend()
---
" fork                                < back  "
" all quiet                                   "
"                                             "
"                                             "
"                                             "
"                                             "
"                                             "
"                                             "
"                                             "
"                                             "
"                                             "
"                                             "
"                                             "
"  fork - app - docs                    esc   "
"                                             "
"   x on laptop - offline, last seen 2h...    "
"                                             "
"   No host is paired here with you as        "
"   its owner. Run on the host to fork        "
"   it onto:                                  "
"                                             "
"   $ herder fork s2                          "
"                                             "
"   The fork is a new session with this       "
"   one's history, in a new worktree from     "
"   its last checkpoint. This one stays as    "
"   it is.                                    "
"                                             "
"                                             "
"                                             "
"                                             "
"                                             "
"                                             "
"                                             "
"                                             "
"                                             "
"                                             "
" laptop is offline - F fork                  "
"                                             "
" esc close                                   "
