---
source: crates/herder-tui/src/views/tests.rs
expression: terminal.backend()
---
" herder        inbox 2 « │  ┃                                                                       "
"                         │  ┃ Clean the build.                                                      "
" machines     by machine │  ┃                                                                       "
"  ◉ box                1 │                                                                          "
"▶   ├ ◉ app · api      ! │                                                                          "
"    │ ├ ● write the tes… │                                                                          "
"    │ └ ✗ document it    │                                                                          "
"    └ ○ app · fix-login  │                                                                          "
"                         │                                                                          "
" ─────────────────────── │                                                                          "
" attention      priority │                                                                          "
"  ◉ api · app · box      │  ┃                                                                       "
"  ✗ document it · app    │  ┃ △ approval · tool                           +1 more · asked 0s ago    "
"  ● write the tests      │  ┃ Bash: rm -rf target                                                   "
"                         │  ┃                                                                       "
"                         │  ┃  allow    deny               y allow · n deny · ←/→ enter · f full    "
" ─────────────────────── │  ┃                                                                       "
" + new            ≡ menu │    ⠋ working · 0s                                                        "
"─────────────────────────┴───────────────────────────────────────────────────────────────────────── "
"  APPROVAL   ◉ 2 waiting  y allow  n deny  esc navigate  ctrl+x leader                       ● box  "
