---
source: crates/herder-tui/src/views/tests.rs
expression: terminal.backend()
---
" herder        inbox 0 « │  chat   tasks 2   prs   term                      │ ◉ api  needs you                         "
"                         │                                                   │ herder/api · box · ~/src/app             "
" machines     by machine │                                                   │ claude-main · claude-opus · ask          "
"  ◉ box                1 │                                                   │                                          "
"▶   ├ ◉ app · api        │                                                   │ Tasks 2                                  "
"    │ ├ ● write the tes… │                                                   │ ● write the tests                        "
"    │ └ ✗ document it    │                                                   │ ✗ document it                            "
"    └ ○ app · fix-login  │                                                   │                                          "
"                         │                                                   │                                          "
" ─────────────────────── │                                                   │                                          "
" attention     ┌ commands ─────────────────────────────────────────────────────────────────────── esc ┐                 "
"  ◉ api · app ·│                                                                                      │                 "
"  ✗ document it│  :   type a command                                                                  │                 "
"  ● write the t│                                                                                      │                 "
"               │  suggested                                                                           │                 "
"               │ ▶ stop                  interrupt the running turn                           ctrl+c  │                 "
"               │   switch                switch account, provider or model                         s  │                 "
"               │   new                   new session                                               n  │                 "
"               │                                                                                      │                 "
"               │  session                                                                             │                 "
"               │   new                   new session                                               n  │                 "
"               │   model <name>          switch the model                                             │                 "
"               │   mode <mode>           read_only, ask, auto_edit or full_access                     │                 "
"               │   switch                switch account, provider or model                         s  │                 "
"               │   stop                  interrupt the running turn                           ctrl+c  │                 "
"               │   archive               archive the session (archive! forces)                        │                 "
"               │                                                                                      │                 "
"               │  enter run  tab complete  esc close                                                  │                 "
"               │                                                                                      │                 "
"               └──────────────────────────────────────────────────────────────────────────────────────┘                 "
"                         │                                                   │                                          "
"                         │                                                   │                                          "
"                         │                                                   │                                          "
"                         │  ┃  Write a prompt…                               │                                          "
"                         │  ┃                                                │                                          "
"                         │  ┃ claude-main · claude-opus · ask                │                                          "
" ─────────────────────── │  ╹                                                │                                          "
" + new            ≡ menu │    ⠋ working · 0s                                 │                                          "
"─────────────────────────┴───────────────────────────────────────────────────┴───────────────────────────────────────── "
" esc close                                                                                                       ● box  "
