---
source: crates/herder-tui/src/views/tests.rs
expression: terminal.backend()
---
" herder        inbox 0 « │ pull requests · 2 open                                       by session  "
"                         │                                                                          "
" machines     by machine │  ◉ app · api                                                       box   "
"  ◉ box                1 │ ▶ #7  open    Add a health endpoint                              fix-7   "
"▶   ├ ◉ app · api        │     ci ✓  review ✓  merge ✓                                              "
"    │ ├ ● write the tes… │   #9  draft   Document the health endpoint                       fix-9   "
"    │ └ ✗ document it    │     ci ✗  review …  merge ✗                                              "
"    └ ○ app · fix-login  │                                                                          "
"                         │  ● write the tests                                                 box   "
" ─────────────────────── │   #8  merged  Test the health endpoint                           fix-8   "
" attention      priority │     ci ✓  review –                                                       "
"  ◉ api · app · box      │                                                                          "
"  ✗ document it · app    │                                                                          "
"  ● write the tests      │                                                                          "
"                         │                                                                          "
"                         │                                                                          "
"                         │                                                                          "
"                         │                                                                          "
"                         │                                                                          "
"                         │                                                                          "
"                         │                                                                          "
"                         │                                                                          "
"                         │                                                                          "
"                         │                                                                          "
"                         │                                                                          "
"                         │                                                                          "
" ─────────────────────── │                                                                          "
" + new            ≡ menu │                                                                          "
"─────────────────────────┴───────────────────────────────────────────────────────────────────────── "
"  NAVIGATE   j/k move  enter browser  l session  x unlink  esc back                          ● box  "
