---
source: crates/herder-tui/src/views/tests.rs
expression: "render(&mut app, 100, 20).backend()"
---
" herder        inbox 0 « │                                                                          "
"                         │                                                                          "
" machines     by machine │                                                                          "
"  ◉ box                1 │                                                                          "
"▶   ├ ◉ app · api ┌ new session ─────────────────────────────────────────────────┐                  "
"    │ ├ ● write th│                                                              │                  "
"    │ └ ✗ document│ machine  ‹ box ›                                             │                  "
"    └ ○ app · fix-│                                                              │                  "
"                  │ repo     /home/ann/src/app                                   │                  "
" ─────────────────│                                                              │                  "
" attention      pr│ account  ‹ Main (claude-main) ›                              │                  "
"  ◉ api · app · bo│                                                              │e                 "
"  ✗ document it · │ model     provider default                                   │                  "
"  ● write the test│                                                              │                  "
"                  │ mode     ‹ ask ›                                             │                  "
"                  │                                                              │                  "
" ─────────────────└───── Enter create · Tab next · ←/→ change · Esc cancel ──────┘                  "
" + new            ≡ menu │                                                                          "
"─────────────────────────┴───────────────────────────────────────────────────────────────────────── "
" esc close                                                                                   ● box  "
