---
source: crates/herder-tui/src/views/tests.rs
expression: terminal.backend()
---
" herder        inbox 0 « │  chat   tasks 2   prs   term                                             "
"                         │                                                                          "
" machines     by machine │                                                                          "
"  ✗ box                  │    ◌ waiting for capacity · 4/4 turns, the turn cap binds                "
"▶   ├ ◌ app · api        │    cpu 12% · mem 768 MiB · 3 processes                                   "
"    │ ├ ● write the tes… │    ● app-db-1  running · postgres:16                                     "
"    │ └ ✗ document it    │    ○ app-web-1  exited · node:22                                         "
"    └ ○ app · fix-login  │    :down brings app down                                                 "
"                         │                                                                          "
" ─────────────────────── │                                                                          "
" attention      priority │                                                                          "
"  ✗ document it · app    │                                                                          "
"  ● write the tests      │                                                                          "
"  ◌ api · app · box      │                                                                          "
"                         │                                                                          "
"                         │                                                                          "
"                         │                                                                          "
"                         │                                                                          "
"                         │                                                                          "
"                         │                                                                          "
"                         │                                                                          "
"                         │                                                                          "
"                         │                                                                          "
"                         │  ┃  Write a prompt…                                                      "
"                         │  ┃                                                                       "
"                         │  ┃ claude-main · claude-opus · ask                                       "
" ─────────────────────── │  ╹                                                                       "
" + new            ≡ menu │                                                                          "
"─────────────────────────┴───────────────────────────────────────────────────────────────────────── "
"  PROMPT   enter send  alt+enter newline  / commands  @ mention  esc navigate                ● box  "
