---
source: crates/herder-tui/src/views/tests.rs
expression: terminal.backend()
---
" ‹ back  box › app · herder/api                                                                             inbox 0  +  "
"┌ sessions ───────────────────────────┐┌ app · herder/api needs you ──────────────────────── Main · claude-opus · ask ┐ "
"│● box (4)                            ││                                                                              │ "
"│ needs you ▾ app · herder/api (2)    ││                                                                              │ "
"│ running   └ write the tests         ││                                                                              │ "
"│ error     └ document it             ││                                                                              │ "
"│ idle      app · herder/fix-login    ││                                                                              │ "
"│✗ laptop (0)                         ││                                                                              │ "
"│                                     ││                                                                              │ "
"│                                     ││                                                                              │ "
"│                            ┌ switch · app · api ───────────────────────────────── esc ┐                             │ "
"│                            │                                                          │                             │ "
"│                            │  search   type to filter                                 │                             │ "
"│                            │                                                          │                             │ "
"│                            │  same provider                   conversation continues  │                             │ "
"│                            │   ● Main  claude-main      Weekly · Fable  93%  current  │                             │ "
"│                            │     Work  claude-work                                    │                             │ "
"│                            │                                                          │                             │ "
"│                            │  other provider                  replays the transcript  │                             │ "
"│                            │ ▶   codex                                   Weekly  20%  │                             │ "
"│                            │                                                          │                             │ "
"│                            │  model    the provider's default                         │                             │ "
"│                            │                                                          │                             │ "
"│                            │  Moves to codex between turns, replaying the transcript  │                             │ "
"│                            │  there.                                                  │                             │ "
"│                            │                                                          │                             │ "
"│                            │  enter switch  tab model  esc close                      │                             │ "
"│                            │                                                          │                             │ "
"│                            └──────────────────────────────────────────────────────────┘                             │ "
"│                                     ││                                                                              │ "
"│                                     ││                                                                              │ "
"│                                     ││                                                                              │ "
"│                                     ││                                                                              │ "
"│                                     ││                                                                              │ "
"│                                     ││                                                                              │ "
"│                                     │└──────────────────────────────────────────────────────────────────────────────┘ "
"│                                     │┌ message ─────────────────────────────────────────────────────────────────────┐ "
"│                                     ││ Write a prompt…                                                              │ "
"└─────────────────────────────────────┘└────────────────────────────────────────────────────────────────── i to write ┘ "
" ? help  q quit                                                           ● box connected  ✗ laptop connection refused  "
