---
source: crates/herder-tui/src/views/tests.rs
expression: terminal.backend()
---
" herder        inbox 1 « │                                                                                              "
"                         │                                                                                              "
" machines     by machine │                                                                                              "
"  ◉ box                2 │                                                                                              "
"▶   ├ ◉ app · api      1 │                                                                                              "
"    │ ├ ◉ write the …  ! │                                                                                              "
"    │ └ ✗ document it    │                                                                                              "
"    └ ○ app · fix-login  │                                                                                              "
"                         │                                                                                              "
" ─────────────────────── │                                                                                              "
" attention      priority │                                                                                              "
"  ◉ api · app · box      │                                                                                              "
"  ◉ write the tests      │                                                                                              "
"  ✗ document it · app    │                                                                                              "
"                         │                                                                                              "
"                         │                                                                                              "
"                         │                         No session open                                                      "
"                         │                                                                                              "
"                         │                           enter  open the selected session                                   "
"                         │                               n  start a new session                                         "
"                         │                               I  inbox: what waits on you                                    "
"                         │                          ctrl+x  leader: every view, from anywhere                           "
"                         │                               ?  every key                                                   "
"                         │                                                                                              "
"                         │                                                                                              "
"                         │                                                                                              "
"                         │                                                                                              "
"                         │                                                                                              "
"                         │                                                                                              "
"                         │                                                                                              "
"                         │                                                                                              "
"                         │                                                                                              "
"                         │                                                                                              "
"                         │                                                                                              "
"                         │                                                                                              "
"                         │                                                                                              "
" ─────────────────────── │                                                                                              "
" + new            ≡ menu │                                                                                              "
"─────────────────────────┴───────────────────────────────────────────────────────────────────────────────────────────── "
"  NAVIGATE   ◉ 1 waiting  j/k move  enter open  n new  v group  z fold  : commands  ctrl+x leader  ? help        ● box  "
