---
source: crates/herder-tui/src/views/tests.rs
expression: "render(&mut app, 100, 30).backend()"
---
" herder        inbox 1 « │  chat   tasks 2   prs 1   term                                           "
"                         │                                                                          "
" projects     by project │                                                                          "
"  ◉ app                1 │    cpu 12% · mem 768 MiB · 3 processes                                   "
"▶   ├ ● api            1 │    ● app-db-1  running · postgres:16                                     "
"    │ ├ ● write tests    │    ○ app-web-1  exited · node:22                                         "
"    │ └ ◉ docs         ? │    :down brings app down                                                 "
"    └ ✓ fix-login        │                                                                          "
"  ● herder               │                                                                          "
"    └ ● p2d-1-design     │     ⎇ #12 Add health endpoint · open · ci ✓                              "
"  ○ infra                │                                                                          "
"    └ ○ k3s              │  ┃                                                                       "
"                         │  ┃ Add a health endpoint and test it.                                    "
" ─────────────────────── │  ┃                                                                       "
" attention      priority │                                                                          "
"  ◉ docs · app · box     │     + Thought: Where the router lives.                                   "
"  ✓ fix-login · app      │     $ cargo test --workspace                                             "
"  ● api · app · box      │                                                                          "
"  ● write tests · app    │     I added GET /health; it returns 200 with the build version so        "
"  ● p2d-1-design         │     load balancers can probe it.                                         "
"                         │                                                                          "
" ┌ ctrl+x ─────────────────────────────────────────────────────────────────────┐                    "
" │ / go to            P all PRs          v group by         : commands         │                    "
" │ n new session      p session PRs      z fold tasks       ? help             │                    "
" │ s switch           A accounts         b sidebar          q quit             │                    "
" │ I inbox            m fleet            d details          1-9 attention row  │                    "
" │ B board            t terminals        r reconnect                           │                    "
" └─────────────────────────────────────────────────────────────────────────────┘laude-main 5h 38%   "
"─────────────────────────┴───────────────────────────────────────────────────────────────────────── "
"  LEADER   ◉ 1 waiting  esc cancel                                                     ● box  ● m2  "
