---
source: crates/herder-tui/src/views/tests.rs
expression: terminal.backend()
---
" herder        inbox 0 « │  chat   tasks 1   prs   term                                             "
"                         │                                                                          "
" projects     by project │  ┃ test client::reconnect::case_06 ... ok                                "
"  ◉ herder             1 │  ┃ test client::reconnect::case_07 ... ok                                "
"    ├ ◉ p2d-6-secondary… │  ┃ test client::reconnect::case_08 ... ok                                "
"    ├ ▪ Draft the pairi… │  ┃ test client::reconnect::case_09 ... ok                                "
"▶   ├ ● Fix the flaky r… │  ┃ test client::reconnect::case_10 ... ok                                "
"    │ └ ● write the reg… │  ┃ … 30 more lines                                         c copy all    "
"    ├ ▪ Try a sqlite WA… │  ┃                                                                       "
"    ├ ▪ Bump ratatui     │                                                                          "
"    └ ○ Restyle the sec… │  ┃                                                                       "
" 3 archived       H hide │  ┃ $ cargo clippy -p herder-client-core -- -D warnings  ✗ failed · 3s    "
"                         │  ┃ error: unused variable: `backoff`                                     "
" ─────────────────────── │  ┃   --> crates/herder-client-core/src/connection.rs:212:13              "
" attention      priority │  ┃                                                                       "
"  ◉ p2d-6-secondary-vie… │  ┃ error: could not compile `herder-client-core`                         "
"  ● Fix the flaky recon… │  ┃                                                                       "
"  ● write the regressio… │                                                                          "
"                         │     ← Edit crates/herder-client-core/src/connection.rs  +1 -1      1s    "
"                         │                                                                          "
"                         │     The test raced the reconnect timer: retry() ignored the backoff,     "
"                         │     so a second attempt could land before the first one closed.          "
"                         │                                                                          "
"                         │  ┃ Write a prompt…                                                       "
"                         │  ┃                                                                       "
"                         │  ┃ claude-main · claude-opus · full_access                               "
" ─────────────────────── │  ╹                                                                       "
" + new            ≡ menu │    ✗ model opus-9 is not available on claude-main   claude-main 5h 31%   "
"─────────────────────────┴───────────────────────────────────────────────────────────────────────── "
"  NAVIGATE   i write  j/k scroll  [ ] items  e expand  c copy  esc sidebar  ctrl+c stop      ● box  "
