---
source: crates/herder-tui/src/views/tests.rs
expression: "render(&mut app, width, height).backend()"
---
" vault › app · herder/docs                                                                                  inbox 0  +  "
"┌ sessions ───────────────────────────┐                                                                                 "
"│● vault (3)                          │                                                                                 "
"│  ● devbox (2)                       │                                                                                 "
"│ idle      app · herder/api          │                                                                                 "
"│ idle      app · herder/login        │                                                                                 "
"│  ✗ laptop (1) offline · 2h 5m ago   │                                                                                 "
"│ idle      app · herder/docs         │                                                                                 "
"│                                     │                                                                                 "
"│                                     │                                                                                 "
"│                                     │                                                                                 "
"│                                     │                                                                                 "
"│                                     │                                                                                 "
"│                                     │                                                                                 "
"│                                     │                                                                                 "
"│                                     │                                                                                 "
"│                                     │                                                                                 "
"│                                     │                                                                                 "
"│                                     │                                                                                 "
"│                                     │                                                                                 "
"│                                     │                                                                                 "
"│                                     │ laptop is offline · R recover                                                   "
"└─────────────────────────────────────┘                                                                                 "
" i write  [ ] items  e expand  c copy  ? help                                                        ● vault connected  "
