---
source: crates/herder-tui/src/views/tests.rs
expression: terminal.backend()
---
" herder        inbox 0 « │  chat   tasks   prs   term                                                                │ ○ docs  idle                             "
"                         │                                                                                           │ herder/docs · vault · ~/src/app          "
" machines     by machine │                                                                                           │ claude-main · claude-opus · ask          "
"  ○ vault                │                                                                                           │                                          "
"    ├ ○ devbox           │                                                                                           │                                          "
"    │ ├ ○ app · api      │                                                                                           │                                          "
"    │ └ ○ app · login    │                                                                                           │                                          "
"    └ ○ laptop   offline │                                                                                           │                                          "
"▶     └ ○ app · docs     │                                                                                           │                                          "
"                         │                                                                                           │                                          "
"                         │                       ┌ recover · app · docs ─────────────────────────────── esc ┐        │                                          "
"                         │                       │                                                          │        │                                          "
"                         │                       │  ✗ laptop is offline · last seen 2h 5m ago               │        │                                          "
"                         │                       │                                                          │        │                                          "
"                         │                       │  take it over on                                         │        │                                          "
"                         │                       │ ▶ ● devbox                                               │        │                                          "
"                         │                       │                                                          │        │                                          "
"                         │                       │  run on devbox                                           │        │                                          "
"                         │                       │  $ herder recover s2                                     │        │                                          "
"                         │                       │                                                          │        │                                          "
"                         │                       │  It keeps its id and continues there from its last       │        │                                          "
"                         │                       │  checkpoint. If laptop comes back, its copy turns        │        │                                          "
"                         │                       │  read-only.                                              │        │                                          "
"                         │                       │                                                          │        │                                          "
"                         │                       │  j/k host  esc close                                     │        │                                          "
"                         │                       │                                                          │        │                                          "
"                         │                       └──────────────────────────────────────────────────────────┘        │                                          "
"                         │                                                                                           │                                          "
"                         │                                                                                           │                                          "
"                         │                                                                                           │                                          "
"                         │                                                                                           │                                          "
"                         │                                                                                           │                                          "
"                         │                                                                                           │                                          "
"                         │                                                                                           │                                          "
"                         │                                                                                           │                                          "
"                         │                                                                                           │                                          "
" ─────────────────────── │  laptop is offline · R recover                                                            │                                          "
" + new            ≡ menu │                                                                                           │                                          "
"─────────────────────────┴───────────────────────────────────────────────────────────────────────────────────────────┴───────────────────────────────────────── "
" esc close                                                                                                                                             ● vault  "
