---
source: crates/herder-tui/src/views/tests.rs
expression: "render(&mut app, width, height).backend()"
---
" * api - app - box             1/6  | switch "
" ! 1 need you  * 3  v 1             |    !   "
"                                             "
" resources                                   "
" cpu 12% - mem 768 MiB - 3 processes         "
" * app-db-1 running                          "
" o app-web-1 exited                          "
" :down brings app down                       "
"                                             "
"   - pull request #12 linked: Add health.    "
"                                             "
" you                                         "
"   Add a health endpoint and test it.        "
"                                             "
" thinking                                    "
"   Where the router lives.                   "
"   $ Bash cargo test --workspace             "
"     ` running 12 tests (+2 lines)           "
"                                             "
" assistant                                   "
"   I added `GET /health`; it returns 200     "
"   with the build version so load balancers  "
"   can probe it.                             "
"                                             "
"                                             "
"                                             "
" message - queues behind the turn            "
"   Write a prompt...                         "
"                      enter send - esc done  "
" > send   ^c stop   s switch   t term        "
