---
source: crates/herder-tui/src/views/tests.rs
expression: terminal.backend()
---
" herder        inbox 0 « │  chat   tasks 1   prs   term                                                              │ ● Fix the flaky reconnect tes…  running  "
"                         │                                                                                           │ herder/eq3z0kae · box                    "
" projects     by project │  ┃                                                                                        │ ~/Projects/herder-sh/herder              "
"  ◉ herder             1 │  ┃ Fix the flaky reconnect test in herder-client-core and explain the root cause          │ claude-main · claude-opus · full_access  "
"    ├ ◉ p2d-6-secondary… │  ┃                                                                                        │                                          "
"▶   ├ ● Fix the flaky r… │                                                                                           │ Usage · claude-main                      "
"    │ └ ● write the reg… │     → Read crates/herder-client-core/src/connection.rs                               1s   │ Session  ━━━━━━━━━━━━━━━━━━━━  31%       "
"    └ ○ Restyle the sec… │     ✱ Grep "reconnect" in crates (4 matches)                                         1s   │ Weekly   ━━━━━━━━━━━━━━━━━━━━  22%       "
" 3 archived       H show │     $ cargo test -p herder-client-core reconnect                                    14s   │                                          "
"                         │     $ cargo clippy -p herder-client-core -- -D warnings                   ✗ failed · 3s   │ Tasks 1                                  "
" ─────────────────────── │     ← Edit crates/herder-client-core/src/connection.rs  +1 -1                        1s   │ ● write the regression test              "
" attention      priority │                                                                                           │                                          "
"  ◉ p2d-6-secondary-vie… │     The test raced the reconnect timer: retry() ignored the backoff, so a second          │ Resources · box                          "
"  ● Fix the flaky recon… │     attempt could land before the first one closed.                                       │ cpu    44%                               "
"  ● write the regressio… │                                                                                           │ mem    45%                               "
"                         │                                                                                           │ psi    12%                               "
"                         │                                                                                           │ turns  2/4                               "
"                         │                                                                                           │                                          "
"                         │                                                                                           │                                          "
"                         │                                                                                           │                                          "
"                         │                                                                                           │                                          "
"                         │                                                                                           │                                          "
"                         │                                                                                           │                                          "
"                         │                                                                                           │                                          "
"                         │                                                                                           │                                          "
"                         │                                                                                           │                                          "
"                         │                                                                                           │                                          "
"                         │                                                                                           │                                          "
"                         │                                                                                           │                                          "
"                         │                                                                                           │                                          "
"                         │                                                                                           │                                          "
"                         │                                                                                           │                                          "
"                         │                                                                                           │                                          "
"                         │  ┃ ▌Write a prompt…                                                                       │                                          "
"                         │  ┃                                                                                        │                                          "
"                         │  ┃ claude-main · claude-opus · full_access                                                │                                          "
" ─────────────────────── │  ╹                                                                                        │                                          "
" + new            ≡ menu │    ✗ model opus-9 is not available on claude-main                     claude-main 5h 31%  │                                          "
"─────────────────────────┴───────────────────────────────────────────────────────────────────────────────────────────┴───────────────────────────────────────── "
"  PROMPT   enter send  alt+enter newline  / commands  @ mention  esc navigate  ctrl+c stop  ctrl+x leader                                                ● box  "
