---
source: crates/herder-tui/src/views/tests.rs
expression: "render(&mut app, 100, 10).backend()"
---
" herder                                                                                 inbox 0  +  "
"┌ sessions ─────────────────────┐                                                                   "
"│● box (4)                      │                                                                   "
"│ needs you ▾ app · herder/… (2)│                                                                   "
"│ running   └ write the tests   │                                                                   "
"│ error     └ document it       │                Select a session and press Enter.                  "
"│ idle      app · herder/fix-lo…│                                                                   "
"│✗ laptop (0)                   │                                                                   "
"└───────────────────────────────┘                                                                   "
" ? help  q quit                      ● box connected  ✗ laptop connection refused  ◌ ci connecting  "
