---
source: crates/herder-tui/src/views/tests.rs
expression: "render(&mut app, 160, 50).backend()"
---
" herder        inbox 0 « │  chat   tasks 2   prs   term                              claude-main · claude-opus · ask │ ◉ api  needs you                         "
"                         │                                                                                           │ herder/api · box · ~/src/app             "
" machines     by machine │                                                                                           │ claude-main · claude-opus · ask          "
"  ◉ box                1 │ ▌┃                                                                                        │                                          "
"▶   ├ ◉ app · api        │ ▌┃ $ cargo test --workspace                                                               │ Usage · claude-main                      "
"    │ ├ ● write the tes… │ ▌┃ running 12 tests                                                                       │ Session  ████████░░░░░░░░░░░░  38%       "
"    │ └ ✗ document it    │ ▌┃ test health::ok ... ok                                                                 │ Weekly   ██░░░░░░░░░░░░░░░░░░  12%       "
"    └ ○ app · fix-login  │ ▌┃ test health::version ... ok                                                            │ failover off                             "
"                         │ ▌┃ test api::router ... ok                                                                │                                          "
" ─────────────────────── │ ▌┃ test api::routes ... ok                                                                │ Tasks 2                                  "
" attention      priority │ ▌┃ test api::cors ... ok                                                                  │ ● write the tests                        "
"  ◉ api · app · box      │ ▌┃ test db::pool ... ok                                                                   │ ✗ document it                            "
"  ✗ document it · app    │ ▌┃ test db::migrate ... ok                                                                │                                          "
"  ● write the tests      │ ▌┃ test auth::login ... ok                                                                │                                          "
"                         │ ▌┃ test auth::logout ... ok                                                               │                                          "
"                         │ ▌┃ test auth::refresh ... ok                                                              │                                          "
"                         │ ▌┃ test auth::expired ... ok                                                              │                                          "
"                         │ ▌┃                                                                                        │                                          "
"                         │ ▌┃ test result: ok. 12 passed; 0 failed                                                   │                                          "
"                         │ ▌┃                                                                                        │                                          "
"                         │                                                                                           │                                          "
"                         │  ┃                                                                                        │                                          "
"                         │  ┃ ← Edit src/api.rs  +6 -0                                                               │                                          "
"                         │  ┃   pub fn router() -> Router {                pub fn router() -> Router {               │                                          "
"                         │  ┃       Router::new()                              Router::new()                         │                                          "
"                         │  ┃           .route("/", get(index))                    .route("/", get(index))           │                                          "
"                         │  ┃                                            +         .route("/health", get(health))    │                                          "
"                         │  ┃                                            + }                                         │                                          "
"                         │  ┃                                            +                                           │                                          "
"                         │  ┃                                            + /// 200 with the build version, for loa…  │                                          "
"                         │  ┃                                            + async fn health() -> &'static str {       │                                          "
"                         │  ┃                                            +     env!("CARGO_PKG_VERSION")             │                                          "
"                         │  ┃   }                                          }                                         │                                          "
"                         │  ┃                                                                                        │                                          "
"                         │                                                                                           │                                          "
"                         │     ☐ Todos 2/4                                                                           │                                          "
"                         │     ◇ Task write tests → herder/api-tests                                                 │                                          "
"                         │       └ $ cargo test -p api health                                                        │                                          "
"                         │                                                                                           │                                          "
"                         │     I added GET /health; it returns 200 with the build version so load balancers can      │                                          "
"                         │     probe it.                                                                             │                                          "
"                         │                                                                                           │                                          "
"                         │                                                                                           │                                          "
"                         │  ┃ Write a prompt…                                                                        │                                          "
"                         │  ┃                                                                                        │                                          "
"                         │  ┃ claude-main · claude-opus · ask                                                        │                                          "
" ─────────────────────── │  ╹                                                                                        │                                          "
" + new            ≡ menu │    ⠋ working · 1m 12s                                                 claude-main 5h 38%  │                                          "
"─────────────────────────┴───────────────────────────────────────────────────────────────────────────────────────────┴───────────────────────────────────────── "
"  NAVIGATE   i write  j/k scroll  [ ] items  e expand  c copy  esc sidebar  ctrl+c stop  s switch  p prs  ctrl+x leader  ? help                          ● box  "
