---
source: crates/herder-tui/src/views/tests.rs
expression: terminal.backend()
---
" herder                          inbox 0  +  "
"┌ sessions - by project ───────────────────┐ "
"│+ app (4)                                 │ "
"│ * v cache (1) #12. laptop                │ "
"│ * └ test the cache laptop                │ "
"│ ! api #7v box                            │ "
"│ o fix-login box                          │ "
"│+ docs (1)                                │ "
"│ * guide #3 box                           │ "
"│+ scratch (1)                             │ "
"│ o try laptop                             │ "
"│                                          │ "
"│                                          │ "
"│                                          │ "
"│                                          │ "
"│                                          │ "
"│                                          │ "
"│                                          │ "
"│                                          │ "
"│                                          │ "
"│                                          │ "
"│                                          │ "
"│                                          │ "
"│                                          │ "
"│                                          │ "
"│                                          │ "
"│                                          │ "
"│                                          │ "
"│                                          │ "
"│                                          │ "
"│                                          │ "
"│                                          │ "
"│                                          │ "
"│                                          │ "
"│                                          │ "
"│                                          │ "
"│                                          │ "
"└──────────────────────────────────────────┘ "
" > open   n new   s switch   t term   : cmd  "
" ? help                     * box  * laptop  "
