---
source: crates/herder-tui/src/views/tests.rs
expression: terminal.backend()
---
" herder        inbox 0 « │                                                                          "
"                         │                                                                          "
" machines     by machine │                                                                          "
"  ◉ box                1 │                                                                          "
"▶   ├ ◉ app · api        │                                                                          "
"    │ ├ ● write the tes… │                                                                          "
"    │ └ ✗ document it    │                                                                          "
"    └ ○ app · fix-login  │                                                                          "
"                   ┌ terminals · app · api ────────────────────────────── esc ┐                     "
" ──────────────────│                                                          │                     "
" attention      pri│   + new terminal                                         │                     "
"  ◉ api · app · box│                                                          │                     "
"  ✗ document it · a│  open shells                                          2  │                     "
"  ● write the tests│ ▶ $ terminal t1                                          │                     "
"                   │   $ terminal t3                                          │                     "
"                   │                                                          │                     "
"                   │  enter attach  esc close                                 │here                 "
"                   │                                                          │                     "
"                   └──────────────────────────────────────────────────────────┘                     "
"                         │                                                                          "
"                         │                                                                          "
"                         │                                                                          "
"                         │                                                                          "
"                         │                                                                          "
"                         │                                                                          "
"                         │                                                                          "
" ─────────────────────── │                                                                          "
" + new            ≡ menu │                                                                          "
"─────────────────────────┴───────────────────────────────────────────────────────────────────────── "
" esc close                                                                                   ● box  "
