---
source: crates/herder-tui/src/views/tests.rs
expression: "render(&mut app, 90, 20).backend()"
---
" ‹ back  herder                                                               inbox 0  +  "
"                                                                                          "
"                                                                                          "
"  ┌ add a machine ────────────────────────────────────────────────────────────────────┐   "
"  │                                                                                   │   "
"  │ On the machine to add, run `herder pair` and paste the link it prints:            │   "
"  │                                                                                   │   "
"  │   link                                                                            │   "
"  │                                                                                   │   "
"  │ or enter what it prints:                                                          │   "
"  │   address      box.lan                                                            │   "
"  │   fingerprint  9f86d0▌                                                            │   "
"  │   code                                                                            │   "
"  │                                                                                   │   "
"  │ the fingerprint is 64 hex digits, as `herder pair` prints it                      │   "
"  │                                                                                   │   "
"  └──────────────────────── Enter next  Tab field  Esc cancel ────────────────────────┘   "
"                                                                                          "
"                                                                                          "
" ? help  q quit                                                                           "
