---
source: crates/herder-tui/src/views/tests.rs
expression: terminal.backend()
---
" herder        inbox 0 « │ pull requests · 2 open                                                                                                   by session  "
"                         │                                                                                                                                      "
" machines     by machine │  ◉ app · api                                                                                                                   box   "
"  ◉ box                1 │ ▶ #7  open    ci ✓  review ✓  merge ✓  Add a health endpoint                                                                 fix-7   "
"▶   ├ ◉ app · api        │   #9  draft   ci ✗  review …  merge ✗  Document the health endpoint                                                          fix-9   "
"    │ ├ ● write the tes… │                                                                                                                                      "
"    │ └ ✗ document it    │  ● write the tests                                                                                                             box   "
"    └ ○ app · fix-login  │   #8  merged  ci ✓  review –           Test the health endpoint                                                              fix-8   "
"                         │                                                                                                                                      "
" ─────────────────────── │                                                                                                                                      "
" attention      priority │                                                                                                                                      "
"  ◉ api · app · box      │                                                                                                                                      "
"  ✗ document it · app    │                                                                                                                                      "
"  ● write the tests      │                                                                                                                                      "
"                         │                                                                                                                                      "
"                         │                                                                                                                                      "
"                         │                                                                                                                                      "
"                         │                                                                                                                                      "
"                         │                                                                                                                                      "
"                         │                                                                                                                                      "
"                         │                                                                                                                                      "
"                         │                                                                                                                                      "
"                         │                                                                                                                                      "
"                         │                                                                                                                                      "
"                         │                                                                                                                                      "
"                         │                                                                                                                                      "
"                         │                                                                                                                                      "
"                         │                                                                                                                                      "
"                         │                                                                                                                                      "
"                         │                                                                                                                                      "
"                         │                                                                                                                                      "
"                         │                                                                                                                                      "
"                         │                                                                                                                                      "
"                         │                                                                                                                                      "
"                         │                                                                                                                                      "
"                         │                                                                                                                                      "
" ─────────────────────── │                                                                                                                                      "
" + new            ≡ menu │                                                                                                                                      "
"─────────────────────────┴───────────────────────────────────────────────────────────────────────────────────────────────────────────────────────────────────── "
"  NAVIGATE   j/k move  enter browser  l session  x unlink  esc back                                                                                      ● box  "
