---
source: crates/herder-tui/src/views/tests.rs
expression: terminal.backend()
---
" herder        inbox 0 « │                                                                                              "
"                         │                                                                                              "
" machines     by machine │                                                                                              "
"  ◉ box                1 │                                                                                              "
"▶   ├ ◉ app · api        │                                                                                              "
"    ├ ● docs · guide     │                                                                                              "
"    └ ○ app · fix-login  │                                                                                              "
"  ● laptop               │                                                                                              "
"    ├ ○ scratch · try    │                                                                                              "
"    └ ● app · cache      │                                                                                              "
"      └ ● test the cache │                                                                                              "
"                         │                                                                                              "
" ─────────────────────── │                                                                                              "
" attention      priority │   ┌ new session ──────────────────────────────────────── esc ┐                               "
"  ◉ api · app · box      │   │                                                          │                               "
"  ● guide · docs · box   │   │  search   type to filter                                 │                               "
"  ● cache · app · laptop │   │                                                          │                               "
"  ● test the cache · app │   │  project                                                 │                               "
"                         │   │ ▶ app  github.com/acme/app                 box · laptop  │                               "
"                         │   │   docs  github.com/acme/docs                        box  │                               "
"                         │   │   scratch  h2:/work/scratch                      laptop  │                               "
"                         │   │   + a repository by path                                 │here                           "
"                         │   │                                                          │                               "
"                         │   │  enter choose  esc close                                 │                               "
"                         │   │                                                          │                               "
"                         │   └──────────────────────────────────────────────────────────┘                               "
"                         │                                                                                              "
"                         │                                                                                              "
"                         │                                                                                              "
"                         │                                                                                              "
"                         │                                                                                              "
"                         │                                                                                              "
"                         │                                                                                              "
"                         │                                                                                              "
"                         │                                                                                              "
"                         │                                                                                              "
" ─────────────────────── │                                                                                              "
" + new            ≡ menu │                                                                                              "
"─────────────────────────┴───────────────────────────────────────────────────────────────────────────────────────────── "
" esc close                                                                                             ● box  ● laptop  "
