---
source: crates/herder-tui/src/views/tests.rs
expression: "render(&mut app, 80, 10).backend()"
---
" herder        inbox 2 « │                                                      "
"                         │     No session open                                  "
" machines     by machine │                                                      "
"  ◉ box                3 │       enter  open the selected session               "
"▶   ├ ◉ app · api   ▸2 1 │           n  start a new session                     "
"    └ ◉ app · fix-lo…  ! │           I  inbox: what waits on you                "
" ─────────────────────── │      ctrl+x  leader: every view, from anywhere       "
" + new            ≡ menu │           ?  every key                               "
"─────────────────────────┴───────────────────────────────────────────────────── "
"  NAVIGATE   ◉ 2 waiting  j/k move  enter open  n new  v group  z fold   ● box  "
