---
source: crates/herder-tui/src/views/tests.rs
expression: "render(&mut app, width, height).backend()"
---
" herder        inbox 1 « │  chat   tasks 2   prs 1   term                                                            │ ● api  running                           "
"                         │                                                                                           │ herder/api · box · ~/src/app             "
" projects     by project │     ⎇ #12 Add health endpoint · open · ci ✓                                               │ claude-main · claude-opus · ask          "
"  ◉ app                1 │                                                                                           │                                          "
"▶   ├ ● api            1 │  ┃                                                                                        │ Usage · claude-main                      "
"    │ ├ ● write tests    │  ┃ Add a health endpoint and test it.                                                     │ Session                        38%       "
"    │ └ ◉ docs         ? │  ┃                                                                                        │ Weekly                         12%       "
"    └ ✓ fix-login        │                                                                                           │                                          "
"  ● herder               │     + Thought: Where the router lives.                                                    │ Tasks 2                                  "
"    └ ● p2d-1-design     │                                                                                           │ ● write tests                            "
"  ○ infra                │  ┃                                                                                        │ ◉ docs ?                                 "
"    └ ○ k3s              │  ┃ $ cargo test --workspace                                                               │                                          "
"                         │  ┃ running 12 tests                                                                       │ Pull requests                            "
" ─────────────────────── │  ┃ test health::ok ... ok                                                                 │ #12 ✓ Add health endpoint                "
" attention      priority │  ┃                                                                                        │                                          "
"  ◉ docs · app · box     │  ┃ test result: ok                                                                        │ Resources                                "
"  ✓ fix-login · app      │  ┃                                                                                        │ box  cpu  42% mem  62%                   "
"  ● api · app · box      │                                                                                           │ cpu 12% · mem 768 MiB · 3 processes      "
"  ● write tests · app    │     I added GET /health; it returns 200 with the build version so load balancers can      │ ● app-db-1 running                       "
"  ● p2d-1-design         │     probe it.                                                                             │ ○ app-web-1 exited                       "
"                         │                                                                                           │ :down brings app down                    "
"                         │                                                                                           │                                          "
"                         │                                                                                           │                                          "
"                         │                                                                                           │                                          "
"                         │                                                                                           │                                          "
"                         │                                                                                           │                                          "
"                         │                                                                                           │                                          "
"                         │  ┃  Write a prompt…                                                                       │                                          "
"                         │  ┃                                                                                        │                                          "
"                         │  ┃ claude-main · claude-opus · ask                                                        │                                          "
" ─────────────────────── │  ┃                                                                                        │                                          "
" + new            ≡ menu │    ⠋ working · 0s                                                     claude-main 5h 38%  │                                          "
"─────────────────────────┴───────────────────────────────────────────────────────────────────────────────────────────┴───────────────────────────────────────── "
"  PROMPT   ◉ 1 waiting  enter send  alt+enter newline  / commands  @ mention  esc navigate  ctrl+c stop  ctrl+x leader                             ● box  ● m2  "
