---
source: crates/herder-tui/src/views/tests.rs
expression: "render(app, width, height).backend()"
---
" ‹ back  herder                   inbox 0  + "
"┌ pull requests · every session ────────────┐"
"│box · app · herder/api  needs you          │"
"│  #7 ✓ Add a health endpoint               │"
"│  #9 ✗ ! Document the health endpoint      │"
"│                                           │"
"│box · write the tests  running             │"
"│  #8 ✓ Test the health endpoint            │"
"│                                           │"
"│                                           │"
"│                                           │"
"│                                           │"
"│                                           │"
"│                                           │"
"│                                           │"
"│                                           │"
"│                                           │"
"│                                           │"
"│                                           │"
"│                                           │"
"│                                           │"
"│                                           │"
"│                                           │"
"│                                           │"
"│                                           │"
"│                                           │"
"│                                           │"
"│                                           │"
"│                                           │"
"│                                           │"
"│                                           │"
"│                                           │"
"│                                           │"
"│                                           │"
"│                                           │"
"│                                           │"
"│                                           │"
"└────────── Enter open · l session · ⌫ back ┘"
" ⏎ open   l session   x unlink               "
" ● box                                ? help "
