---
source: crates/herder-tui/src/views/tests.rs
expression: terminal.backend()
---
" herder                          inbox 1  +  "
"┌ sessions ────────────────────────────────┐ "
"│* box (4)                                 │ "
"│ ! v app - api (2) !1 #7v +1              │ "
"│ ! └ write the tests #8                   │ "
"│ x └ document it                          │ "
"│ o app - fix-login                        │ "
"│                                          │ "
"│                                          │ "
"│                                          │ "
"│                                          │ "
"│                                          │ "
"│                                          │ "
"│                                          │ "
"│                                          │ "
"│                                          │ "
"│                                          │ "
"│                                          │ "
"│                                          │ "
"│                                          │ "
"│                                          │ "
"│                                          │ "
"│                                          │ "
"│                                          │ "
"│                                          │ "
"│                                          │ "
"│                                          │ "
"│                                          │ "
"│                                          │ "
"│                                          │ "
"│                                          │ "
"│                                          │ "
"│                                          │ "
"│                                          │ "
"│                                          │ "
"│                                          │ "
"│                                          │ "
"└──────────────────────────────────────────┘ "
" > open   n new   s switch   t term   : cmd  "
" 1 waiting - I  ? help                * box  "
