---
source: crates/herder-tui/src/views/tests.rs
expression: "render(app, width, height).backend()"
---
"┌ sessions ─────────────────────────────────┐"
"│● box (4)                                  │"
"│ ! ▾ app · api (2) !1 #7✓ +1               │"
"│ ! └ write the tests #8                    │"
"│ ✗ └ document it                           │"
"│ · app · fix-login                         │"
"│                                           │"
"│                                           │"
"│                                           │"
"│                                           │"
"│                                           │"
"│                                           │"
"│                                           │"
"│                                           │"
"│                                           │"
"│                                           │"
"│                                           │"
"│                                           │"
"│                                           │"
"│                                           │"
"│                                           │"
"│                                           │"
"│                                           │"
"│                                           │"
"│                                           │"
"│                                           │"
"│                                           │"
"│                                           │"
"│                                           │"
"│                                           │"
"│                                           │"
"│                                           │"
"│                                           │"
"│                                           │"
"│                                           │"
"│                                           │"
"│                                           │"
"│                                           │"
"└───────────────────────────────────────────┘"
" 1 waiting · I  ● box                 ? help "
