---
source: crates/herder-tui/src/views/tests.rs
expression: terminal.backend()
---
" new session                         < back  "
" ! 1 need you  * 3 running                   "
"                                             "
" attention                                   "
"  ! api - app                           box  "
"  * cache - app                      laptop  "
"  * test the cache - app             laptop  "
"  * guide - docs                        box  "
"                                             "
" projects                                    "
"> ! app                      box - laptop 1  "
"    | * cache                                "
"    | ` * test the cache                     "
"    | ! api                                  "
"  new session - app                    esc   "
"                                             "
"   search   |type to filter                  "
"                                             "
"   machine                                   "
"    * box  /home/ann/src/app         Main    "
"  > * laptop  /work/app              Main    "
"                                             "
"   enter choose  < back  esc close           "
"                                             "
"                                             "
"  keys   reconnect   quit                    "
"                                             "
"                                             "
"                                             "
"                                             "
"                                             "
"                                             "
"                                             "
"                                             "
"                                             "
"                                             "
"                                             "
"                                             "
"                                             "
" > ok   esc close                            "
