---
source: crates/herder-tui/src/views/tests.rs
expression: "render(&mut app, 45, 20).backend()"
---
" < back  box > app - api         inbox 0  +  "
"    Done - the "fix" works. mostly > ship    "
"    it                                       "
"                                             "
"                                             "
"                                             "
"                                             "
"                                             "
"                                             "
"                                             "
"                                             "
"                                             "
"                                             "
" │ Write a prompt.                           "
" │                                           "
" │ claude-main - claude-opus - ask           "
" └─────────────────────────────────────────  "
"                                             "
" i write   s switch   t term                 "
" ? help                               * box  "
