---
source: crates/herder-tui/src/views/tests.rs
expression: "render(&mut app, 100, 20).backend()"
---
"┌ sessions ─────────────────────┐┌ app · herder/api needs you ────────────────── claude-opus · ask ┐"
"│● box (4)                      ││assistant …                                                      │"
"│ needs you app · herder/api    ││  Working on it▌                                                 │"
"│ running   └ write the tests   ││                                                                 │"
"│ error     └ document it       ││you · queued                                                     │"
"│ idle      app · herder/fix-lo…││  then add docs                                                  │"
"│                               ││                                                                 │"
"│                               ││                                                                 │"
"│                               ││                                                                 │"
"│                               ││                                                                 │"
"│                               ││                                                                 │"
"│                               ││                                                                 │"
"│                               ││                                                                 │"
"│                               ││                                                                 │"
"│                               ││                                                                 │"
"│                               │└─────────────────────────────────────────────────────────────────┘"
"│                               │┌ message · 1 queued ─────────────────────────────────────────────┐"
"│                               ││and a changelog entry                                            │"
"└───────────────────────────────┘└──────────────────── Enter send · Alt-Enter new line · Esc leave ┘"
" ● box connected                                                                     ? help  q quit "
