---
source: crates/herder-tui/src/views/tests.rs
expression: "render(&mut app, 90, 16).backend()"
---
" herder        inbox 0 « │                                                                "
"                         │                                                                "
" machines     by machine │   ┌ add a machine ────────────────────────────────────────┐    "
"  ◉ box                1 │   │                                                       │    "
"▶   ├ ◉ app · api        │   │ Pair with this daemon?                                │    "
"    │ ├ ● write the tes… │   │                                                       │    "
"    │ └ ✗ document it    │   │   address      192.168.1.5:7447, 10.0.0.2:7447        │    "
" ─────────────────────── │   │   fingerprint  9f86d081884c7d659a2feaa0c55ad015a3bf4f │    "
" attention      priority │   │                1b2b0b822cd15d6c15b0f00a08             │    "
"  ◉ api · app · box      │   │                                                       │    "
"  ✗ document it · app    │   │ Check that the fingerprint is the one `herder pair` p │    "
"  ● write the tests      │   │                                                       │    "
" ─────────────────────── │   └──────────────── Enter pair  Esc back ─────────────────┘    "
" + new            ≡ menu │                                                                "
"─────────────────────────┴─────────────────────────────────────────────────────────────── "
" esc close                                                                         ● box  "
