---
source: crates/herder-tui/src/views/tests.rs
expression: "render(&mut app, 110, 20).backend()"
---
" herder        inbox 2 « │ ┌ write the tests needs you ────────────────────────────────────────────────────┐  "
"                         │ │  · question for the primary session: Which port should the server use?        │  "
" machines     by machine │ │  · question escalated to you: the primary session left it to you; the primary…│  "
"  ◉ box                3 │ │  · allowed by the primary session                                             │  "
"    ├ ◉ app · api      1 │ │                                                                               │  "
"▶   │ ├ ◉ write the …  ? │ │                                                                               │  "
"    │ └ ✗ document it    │ │                                                                               │  "
"    └ ◉ app · fix-lo…  ! │ │                                                                               │  "
"                         │ └ child of app · herder/api ────────────────────────────────────────────────────┘  "
" ─────────────────────── │ ┌ question ─────────────────────────────────────────────────────────────────────┐  "
" attention      priority │ │Which port should the server use?                                              │  "
"  ◉ api · app · box      │ │1. 8080                                                                        │  "
"  ◉ write the tests      │ │2. 3000                                                                        │  "
"  ◉ fix-login · app      │ │the primary session left it to you                                             │  "
"  ✗ document it · app    │ │the primary says: Production uses 8080 behind the proxy; your call.            │  "
"                         │ │1-2 pick · or type an answer below                                             │  "
" ─────────────────────── │ └───────────────────────────────────────────────────────────────────────────────┘  "
" + new            ≡ menu │ ┌ answer ─────────────────────────────────────────────────────────── i to write ┐  "
"─────────────────────────┴─────────────────────────────────────────────────────────────────────────────────── "
"  APPROVAL   ◉ 2 waiting  1-9 pick  i type an answer  esc navigate  ctrl+x leader                      ● box  "
