---
source: crates/herder-tui/src/views/tests.rs
expression: "render(&mut app, 80, 10).backend()"
---
" herder                                                             inbox 2  +  "
"┌ sessions ──────────────────┐                                                  "
"│● box (4)                   │                                                  "
"│ needs you ▸ app · h… (2) !1│                                                  "
"│ approve?  app · herder/fix…│                                                  "
"│                            │        Select a session and press Enter.         "
"│                            │                                                  "
"│                            │                                                  "
"└────────────────────────────┘                                                  "
" 2 waiting on you · I inbox  ? help  q quit                    ● box connected  "
