---
source: crates/herder-tui/src/views/tests.rs
expression: "render(app, width, height).backend()"
---
"┌ pull requests · by project ───────────────┐"
"│◆ app                                      │"
"│  laptop · app · herder/cache  running     │"
"│    #12 … Cache the health checks          │"
"│  box · app · herder/api  needs you        │"
"│    #7  ✓ Add a health endpoint            │"
"│                                           │"
"│◆ docs                                     │"
"│  box · docs · herder/guide  running       │"
"│    #3  – Write the health guide           │"
"│                                           │"
"│                                           │"
"│                                           │"
"│                                           │"
"│                                           │"
"│                                           │"
"│                                           │"
"│                                           │"
"│                                           │"
"│                                           │"
"│                                           │"
"│                                           │"
"│                                           │"
"│                                           │"
"│                                           │"
"│                                           │"
"│                                           │"
"│                                           │"
"│                                           │"
"│                                           │"
"│                                           │"
"│                                           │"
"│                                           │"
"│                                           │"
"│                                           │"
"│                                           │"
"│                                           │"
"│                                           │"
"└────────── Enter open · l session · ⌫ back ┘"
" ● box  ● laptop                      ? help "
