---
source: crates/herder-tui/src/views/tests.rs
expression: "render(&mut app, width, height).backend()"
---
" ! api - app - box             1/6  │ switch "
" ! 2 need you  * 2  v 1             │    !   "
"──────────────────────────────────────────── "
"┌ resources ───────────────────────────────┐ "
"│ cpu 12% - mem 768 MiB - 3 processes      │ "
"│ * app-db-1 running                       │ "
"│ o app-web-1 exited                       │ "
"│ :down brings app down                    │ "
"└──────────────────────────────────────────┘ "
"┌──────────────────────────────────────────┐ "
"│                                          │ "
"│thinking                                  │ "
"│  Where the router lives.                 │ "
"│  > Bash cargo test --workspace           │ "
"│    L running 12 tests (+2 lines)         │ "
"│                                          │ "
"│assistant                                 │ "
"│  I added `GET /health`; it returns 200   │ "
"│  with the build version so load balancers│ "
"│  can probe it.                           │ "
"│  - approval needed: rm -rf target/       │ "
"└──────────────────────────────────────────┘ "
"┌ approval needed ─────────────────────────┐ "
"│rm -rf target/                            │ "
"│y allow - n deny                          │ "
"└──────────────────────────────────────────┘ "
"┌ message - queues behind the turn ────────┐ "
"│ Write a prompt.                          │ "
"└────────────────────────────── i to write ┘ "
" y allow   n deny   i write   < back         "
