---
source: crates/herder-tui/src/views/tests.rs
expression: "render(app, width, height).backend()"
---
" herder                                                                                                     inbox 0  +  "
"┌ sessions ───────────────────────────┐┌ pull requests · every session ───────────────────────────────────────────────┐ "
"│● box (4)                            ││box · app · herder/api  needs you                                             │ "
"│ needs you ▾ app · herd… (2) #7✓ #9✗!││  #7 open   ✓ ci  ✓ approved ✓ merge    Add a health endpoint  fix-7          │ "
"│ running   └ write the tests #8      ││  #9 draft  ✗ ci  … review   ✗ conflict Document the health endpoint  fix-9   │ "
"│ error     └ document it             ││                                                                              │ "
"│ idle      app · herder/fix-login    ││box · write the tests  running                                                │ "
"│                                     ││  #8 merged ✓ ci                        Test the health endpoint  fix-8       │ "
"│                                     ││                                                                              │ "
"│                                     ││                                                                              │ "
"│                                     ││                                                                              │ "
"│                                     ││                                                                              │ "
"│                                     ││                                                                              │ "
"│                                     ││                                                                              │ "
"│                                     ││                                                                              │ "
"│                                     ││                                                                              │ "
"│                                     ││                                                                              │ "
"│                                     ││                                                                              │ "
"│                                     ││                                                                              │ "
"│                                     ││                                                                              │ "
"│                                     ││                                                                              │ "
"│                                     ││                                                                              │ "
"│                                     ││                                                                              │ "
"│                                     ││                                                                              │ "
"│                                     ││                                                                              │ "
"│                                     ││                                                                              │ "
"│                                     ││                                                                              │ "
"│                                     ││                                                                              │ "
"│                                     ││                                                                              │ "
"│                                     ││                                                                              │ "
"│                                     ││                                                                              │ "
"│                                     ││                                                                              │ "
"│                                     ││                                                                              │ "
"│                                     ││                                                                              │ "
"│                                     ││                                                                              │ "
"│                                     ││                                                                              │ "
"│                                     ││                                                                              │ "
"│                                     ││                                                                              │ "
"└─────────────────────────────────────┘└─────────────────────── Enter open · l session · x unlink · L link · Esc back ┘ "
" ● box connected                                                                                        ? help  q quit  "
