---
source: crates/herder-tui/src/views/tests.rs
expression: "render(&mut app, 120, 12).backend()"
---
" herder        inbox 0 « │ ┌ app · herder/ claude-main · claude-opus · ask ┐ │ → docs  moved                            "
"                         │ │                                               │ │ herder/docs · laptop · ~/src/app         "
"  ○ vault                │ │                                               │ │ claude-main · claude-opus · ask          "
"    ├ ○ devbox           │ │                                               │ │                                          "
"    │ └ ○ app · docs     │ │                                               │ │                                          "
"    └ · laptop           │ │                                               │ │                                          "
"  → laptop               │ └───────────────────────────────────────────────┘ │                                          "
"▶   └ → app ·…  → devbox │ ┌───────────────────────────────────────────────┐ │                                          "
" ─────────────────────── │ │ moved to devbox · read-only here              │ │                                          "
" + new            ≡ menu │ └───────────────────────────────────────────────┘ │                                          "
"─────────────────────────┴───────────────────────────────────────────────────┴───────────────────────────────────────── "
"  NAVIGATE   i write  j/k scroll  esc sidebar  s switch  p prs  ctrl+x leader  ? help                ● vault  ● laptop  "
