---
source: crates/herder-tui/src/views/tests.rs
expression: "render(app, width, height).backend()"
---
"┌ resources ────────────────────────────────┐"
"│ waiting for capacity · 4/4 turns          │"
"│ cpu 12% · mem 768 MiB · 3 processes       │"
"│ ● app-db-1 running                        │"
"│ ○ app-web-1 exited                        │"
"│ :down brings app down                     │"
"└───────────────────────────────────────────┘"
"┌ box › app · api ──────────────────────────┐"
"│                                           │"
"│                                           │"
"│                                           │"
"│                                           │"
"│                                           │"
"│                                           │"
"│                                           │"
"│                                           │"
"│                                           │"
"│                                           │"
"│                                           │"
"│                                           │"
"│                                           │"
"│                                           │"
"│                                           │"
"│                                           │"
"│                                           │"
"│                                           │"
"│                                           │"
"│                                           │"
"│                                           │"
"│                                           │"
"│                                           │"
"│                                           │"
"│                                           │"
"│                                           │"
"│                                           │"
"└───────────────────────────────────────────┘"
"┌ message ──────────────────────────────────┐"
"│ Write a prompt…                           │"
"└─────────────────────────────── i to write ┘"
" ● box                                ? help "
