---
source: crates/herder-tui/src/views/tests.rs
expression: "render(&mut app, width, height).backend()"
---
" ‹ back  vault › app · docs       inbox 0  + "
"┌───────────────────────────────────────────┐"
"│                                           │"
"│                                           │"
"│                                           │"
"│                                           │"
"│                                           │"
"│                                           │"
"│                                           │"
"│                                           │"
"│                                           │"
"│                                           │"
"│                                           │"
"│                                           │"
"│                                           │"
"│                                           │"
"│                                           │"
"│                                           │"
"│                                           │"
"│                                           │"
"│                                           │"
"│                                           │"
"│                                           │"
"│                                           │"
"└───────────────────────────────────────────┘"
"┌───────────────────────────────────────────┐"
"│ laptop is offline · R recover             │"
"└───────────────────────────────────────────┘"
" R recover   s switch   t term               "
" ● vault                              ? help "
