---
source: crates/herder-tui/src/views/tests.rs
expression: "render(&mut app, width, height).backend()"
---
" herder        inbox 1 « │  chat   tasks 2   prs 1   term                                           "
"                         │                                                                          "
" projects     by project │ ┌ resources ──────────────────────────────────────────────────────────┐  "
"  ◉ app                1 │ │ cpu 12% · mem 768 MiB · 3 processes                                 │  "
"▶   ├ ● api            1 │ │ ● app-db-1 running · postgres:16                                    │  "
"    │ ├ ● write tests    │ │ ○ app-web-1 exited · node:22                                        │  "
"    │ └ ◉ docs         ? │ │ :down brings app down                                               │  "
"    └ ✓ fix-login        │ └─────────────────────────────────────────────────────────────────────┘  "
"  ● herder               │  ┃                                                                       "
"    └ ● p2d-1-design     │                                                                          "
"  ○ infra                │     + Thought: Where the router lives.                                   "
"    └ ○ k3s              │                                                                          "
"                         │  ┃                                                                       "
" ─────────────────────── │  ┃ $ cargo test --workspace                                              "
" attention      priority │  ┃ running 12 tests                                                      "
"  ◉ docs · app · box     │  ┃ test health::ok ... ok                                                "
"  ✓ fix-login · app      │  ┃                                                                       "
"  ● api · app · box      │  ┃ test result: ok                                                       "
"  ● write tests · app    │  ┃                                                                       "
"  ● p2d-1-design         │                                                                          "
"                         │     I added GET /health; it returns 200 with the build version so        "
"                         │     load balancers can probe it.                                         "
"                         │                                                                          "
"                         │  ┃  Write a prompt…                                                      "
"                         │  ┃                                                                       "
"                         │  ┃ claude-main · claude-opus · ask                                       "
" ─────────────────────── │  ┃                                                                       "
" + new            ≡ menu │    ⠋ working · 0s                                   claude-main 5h 38%   "
"─────────────────────────┴───────────────────────────────────────────────────────────────────────── "
"  PROMPT   ◉ 1 waiting  enter send  alt+enter newline  / commands  @ mention           ● box  ● m2  "
