---
source: crates/herder-tui/src/views/tests.rs
expression: "render(&mut app, 80, 36).backend()"
---
"┌ keys ────────────────────────────────────────────────────────────────── esc ┐ "
"│                                                                             │ "
"│  j / k, ↓ / ↑        move, or scroll the transcript                         │ "
"│  Enter, l            open the selected session                              │ "
"│  Tab                 switch between sessions and transcript                 │ "
"│  Tab, Enter          narrow screen: move along the button bar, press        │ "
"│  h, ⌫, Esc           back to the sessions                                   │ "
"│  b / Space           scroll a page (also PgUp / PgDn)                       │ "
"│  g / G               first / last; G follows the transcript                 │ "
"│  i, Enter            write in the open session                              │ "
"│  Enter / Alt-Enter   send / new line, in the composer                       │ "
"│  Esc, ⌫ on empty     leave the composer or close a dialog                   │ "
"│  y / n               allow / deny the pending approval                      │ "
"│  1-9                 pick an answer to the pending question                 │ "
"│  Ctrl-c, :interrupt  interrupt the running turn                             │ "
"│  :                   commands: model, mode, archive, new, down              │ "
"│  n                   new session                                            │ "
"│  p                   focus the session's pull requests                      │ "
"│  P                   every session's pull requests                          │ "
"│  Enter, o            open the selected pull request in the browser          │ "
"│  L                   link a pull request by number or URL                   │ "
"│  x                   unlink the selected pull request                       │ "
"│  r                   reconnect now                                          │ "
"│  m                   machines: connections and fingerprints                 │ "
"│  a                   add a machine (or paste its link)                      │ "
"│  t                   terminals of the selected session (owners)             │ "
"│  s                   switch the session's account, provider or model        │ "
"│  A                   accounts: usage and limits; n adds one                 │ "
"│  z                   fold or unfold the selected task's children            │ "
"│  v                   group sessions by project or by machine                │ "
"│  R                   recover a session whose host is offline                │ "
"│  i / I               inbox, from the sessions / from anywhere               │ "
"│                                                                             │ "
"│  j/k scroll  esc close                                                      │ "
"│                                                                             │ "
"└─────────────────────────────────────────────────────────────────────────────┘ "
