---
source: crates/herder-tui/src/views/tests.rs
expression: "render(&mut app, 100, 20).backend()"
---
" ‹ back  herder                                                                         inbox 0  +  "
"┌ sessions ─────────────────────┐┌────────────────────────────────────────────────────────────────┐ "
"│● box (4)         ┌ new session · app · box ──────────────────────────── esc ┐                   │ "
"│ needs you ▾ app ·│                                                          │                   │ "
"│ running   └ write│  repo      /home/ann/src/app                             │                   │ "
"│ error     └ docum│                                                          │                   │ "
"│ idle      app · h│  account   Main  claude  ‹ ›                             │                   │ "
"│                  │                                                          │                   │ "
"│                  │  model     provider default                              │                   │ "
"│                  │                                                          │                   │ "
"│                  │  mode      ask  ‹ ›                                      │er.                │ "
"│                  │                                                          │                   │ "
"│                  │  its own worktree and branch, on that clone              │                   │ "
"│                  │                                                          │                   │ "
"│                  │  enter create  tab next  ←/→ change  esc close           │                   │ "
"│                  │                                                          │                   │ "
"│                  └──────────────────────────────────────────────────────────┘                   │ "
"│                               ││                                                                │ "
"└───────────────────────────────┘└────────────────────────────────────────────────────────────────┘ "
" ? help  q quit                                                                    ● box connected  "
