---
source: crates/herder-tui/src/views/tests.rs
expression: "render(&mut app, 100, 12).backend()"
---
" herder        inbox 0 « │ ┌ app · herder/api needs you ─────────────────────────────────────────┐  "
"                         │ │                                                                     │  "
" machines     by machine │ │                                                                     │  "
"  ◉ box                1 │ │                                                                     │  "
"▶   ├ ◉ app · api        │ │                                                                     │  "
" ─────────────────────── │ │                                                                     │  "
" attention      priority │ └─────────────────────────────────────────────────────────────────────┘  "
"  ◉ api · app · box      │ ┌ message ────────────────────────────────────────────────────────────┐  "
" ─────────────────────── │ │  Write a prompt…                                                    │  "
" + new            ≡ menu │ └────────────────────── enter send · alt+enter newline · esc navigate ┘  "
"─────────────────────────┴───────────────────────────────────────────────────────────────────────── "
"  PROMPT   enter send  alt+enter newline  esc navigate  ctrl+x leader                        ● box  "
