---
source: crates/herder-tui/src/views/tests.rs
expression: terminal.backend()
---
" ! api - app - box             1/4  | switch "
" ! 1 need you  x 1  * 1  x lapt...  |    !   "
"                                             "
"                                             "
"                                             "
"                                             "
"                                             "
"                                             "
"                                             "
"                                             "
"                                             "
"                                             "
"                                             "
"                                             "
"                                             "
"                                             "
"                                             "
"                                             "
"                                             "
"                                             "
"                                             "
"                                             "
"                                             "
"                                             "
"                                             "
"                                             "
"                                             "
"                                             "
"                                             "
"                                             "
"                                             "
"                                             "
"                                             "
"                                             "
"                                             "
"                                             "
" message                                     "
" sjj                                         "
"                      enter send - esc done  "
" > send   s switch   t term                  "
