---
source: crates/herder-tui/src/views/tests.rs
expression: terminal.backend()
---
" box › app · herder/api                                                                                     inbox 0  +  "
"┌ sessions ───────────────────────────┐┌ app · herder/api needs you ───────────────── claude-main · claude-opus · ask ┐ "
"│● box (4)                            ││                                                                              │ "
"│ needs you ▾ app · herder/api (2)    ││                                                                              │ "
"│ running   └ write the tests         ││                                                                              │ "
"│ error     └ document it             ││                                                                              │ "
"│ idle      app · herder/fix-login    ││                                                                              │ "
"│                                     ││                                                                              │ "
"│                                     ││                                                                              │ "
"│                                     ││                                                                              │ "
"│                                     ││                                                                              │ "
"│                                     ││                                                                              │ "
"│                                     ││                                                                              │ "
"│                                     ││                                                                              │ "
"│                                     ││                                                                              │ "
"│                                     ││                                                                              │ "
"│                                     ││                                                                              │ "
"│                                     ││                                                                              │ "
"│                                     ││                                                                              │ "
"│                                     ││                                                                              │ "
"│                                     ││                                                                              │ "
"│                                     ││                                                                              │ "
"│                                     ││                                                                              │ "
"│                                     ││                                                                              │ "
"│                                     │┌──────────────────────────────────────────────────────────────────────────────┐ "
"│                                     ││▶ /archive                 archive the session                                │ "
"│                                     ││  /archive!                archive, discarding its worktree changes           │ "
"│                                     ││  /accounts                accounts and their usage                         A │ "
"│                                     ││  /add                     add a machine                                    a │ "
"│                                     ││  /switch                  switch account, provider or model                s │ "
"│                                     ││  /mode <mode>             permission mode: read_only ask auto_edit full_acc… │ "
"│                                     ││  /pr [n|url]              link a pull request                              L │ "
"│                                     ││  /recover                 recover a session whose host is offline          R │ "
"│                                     ││  /fleet                   machines and their connections                   m │ "
"│                                     ││  /glyphs <ascii|unicode>  plain marks for phones and mosh, or symbols        │ "
"│                                     │└──────────────────────────────────────────────────────────────────────────────┘ "
"│                                     │┌ message ─────────────────────────────────────────────────────────────────────┐ "
"│                                     ││/a                                                                            │ "
"└─────────────────────────────────────┘└───────────────────────────────── Enter send · Alt-Enter new line · Esc leave ┘ "
" ? help  q quit                                                                                        ● box connected  "
