---
source: crates/herder-tui/src/views/tests.rs
expression: "render(&mut app, 110, 14).backend()"
---
" herder        inbox 0 « │ pull requests · 2 open                                                 by session  "
"                         │                                                                                    "
" machines     by machine │  ◉ app · api                                                                 box   "
"  ◉ box                1 │   #7  open    ci ✓  review ✓  merge ✓  Add a health endpoint               fix-7   "
"▶   ├ ◉ app · api        │   #9  draft   ci ✗  review …  merge ✗  Document the health endpoint        fix-9   "
"    │ ├ ● write the tes… │                                                                                    "
" ─────────────────────── │  ● write the tests                                                           box   "
" attention      priority │ ▶ #8  merged  ci ✓  review –           Test the health endpoint            fix-8   "
"  ◉ api · app · box      │                                                                                    "
"  ✗ document it · app    │                                                                                    "
" ─────────────────────── │                                                                                    "
" + new            ≡ menu │                                                                                    "
"─────────────────────────┴─────────────────────────────────────────────────────────────────────────────────── "
"  NAVIGATE   j/k move  enter browser  l session  x unlink  esc back                                    ● box  "
