---
source: crates/herder-tui/src/views/tests.rs
expression: terminal.backend()
---
" herder        inbox 0 « │  chat   tasks   prs   term                                               "
"                         │                                                                          "
" machines     by machine │                                                                          "
"  ○ vault                │                                                                          "
"    ├ ○ devbox           │                                                                          "
"    │ ├ ○ app · api┌ recover · app · docs ─────────────────────────────── esc ┐                     "
"    │ └ ○ app · log│                                                          │                     "
"    └ ○ laptop   of│  ✗ laptop is offline · last seen 2h 5m ago               │                     "
"▶     └ ○ app · doc│                                                          │                     "
"                   │  take it over on                                         │                     "
"                   │ ▶ ● devbox                                               │                     "
"                   │                                                          │                     "
"                   │  run on devbox                                           │                     "
"                   │  $ herder recover s2                                     │                     "
"                   │                                                          │                     "
"                   │  It keeps its id and continues there from its last       │                     "
"                   │  checkpoint. If laptop comes back, its copy turns        │                     "
"                   │  read-only.                                              │                     "
"                   │                                                          │                     "
"                   │  j/k host  esc close                                     │                     "
"                   │                                                          │                     "
"                   └──────────────────────────────────────────────────────────┘                     "
"                         │                                                                          "
"                         │                                                                          "
"                         │                                                                          "
"                         │                                                                          "
" ─────────────────────── │  laptop is offline · R recover                                           "
" + new            ≡ menu │                                                                          "
"─────────────────────────┴───────────────────────────────────────────────────────────────────────── "
" esc close                                                                                 ● vault  "
