---
source: crates/herder-tui/src/views/tests.rs
assertion_line: 590
expression: "render(&mut app, 45, 40).backend()"
---
"┌ accounts ─────────────────────────────────┐"
"│ ● box  connected                          │"
"│   Main  claude · claude-main · 4 sessions │"
"│     Session          42%                  │"
"│     ████████░░░░░░░░░░  resets in 2h 13m  │"
"│     Weekly           74%                  │"
"│     █████████████░░░░░  resets in 5d 3h   │"
"│     Weekly · Fable   93%                  │"
"│     █████████████████░  resets in 5d 3h   │"
"│   Work  claude · claude-work              │"
"│     no usage reported yet                 │"
"│   codex  codex                            │"
"│     Session    8%                         │"
"│ ┌ add an account ───────────────────────┐ │"
"│ │                                       │ │"
"│ │ Runs the provider's own login on box, │ │"
"│ │                                       │ │"
"│ │   provider      claude   codex   curs │ │"
"│ │   id           e.g. work              │ │"
"│ │   label        the id                 │ │"
"│ │   config dir   ~/.claude-<id>         │ │"
"│ │                                       │ │"
"│ │ claude starts: log in with /login, th │ │"
"│ │ The account is added once the login s │ │"
"│ │                                       │ │"
"│ └ab field  ←→ provider  Esc cancel ─────┘ │"
"│                                           │"
"│                                           │"
"│                                           │"
"│                                           │"
"│                                           │"
"│                                           │"
"│                                           │"
"│                                           │"
"│ Failover is set in each machine's daemon  │"
"│ config (failover = true per account,      │"
"│ [failover] pin); herder does not report   │"
"│ it to clients yet.                        │"
"└────── n add  r reconnect  Esc close ──────┘"
" ● box  ✗ laptop                      ? help "
