---
source: crates/herder-tui/src/views/tests.rs
expression: "render(&mut app, 100, 12).backend()"
---
" ‹ back  box › app · herder/api                                                         inbox 0  +  "
"┌ sessions ─────────────────────┐                                                                   "
"│● box (4)                      │                                                                   "
"│ needs you ▾ app · herder/… (2)│                                                                   "
"│ running   └ write the tests   │                                                                   "
"│ error     └ document it       │                                                                   "
"│ idle      app · herder/fix-lo…│                                                                   "
"│                               │                                                                   "
"│                               │ ┃ Write a prompt…                                                 "
"│                               │ ╹                                                                 "
"└───────────────────────────────┘                                                                   "
":mode yolo                                                                       unknown mode yolo  "
