---
source: crates/herder-tui/src/views/tests.rs
expression: terminal.backend()
---
" ! api - app - box             1/4  | switch "
" ! 1 need you  x 1  * 1  x lapt...  |    !   "
"                                             "
"                                             "
"                                             "
"                                             "
"                                             "
"                                             "
"                                             "
"                                             "
"                                             "
"                                             "
"                                             "
"                                             "
"                                             "
"                                             "
"                                             "
"                                             "
"                                             "
"                                             "
"                                             "
"                                             "
"                                             "
"                                             "
"                                             "
"                                             "
"                                             "
"                                             "
"                                             "
"                                             "
"                                             "
"                                             "
"                                             "
"                                             "
" | s                                         "
" |                                           "
" | Main - claude-opus - ask                  "
" `-----------------------------------------  "
"                         Weekly - Fable 93%  "
" > send   esc done   s switch   t term       "
