---
source: crates/herder-tui/src/views/tests.rs
expression: terminal.backend()
---
" ‹ back  herder                                                                                             inbox 0  +  "
"┌ sessions · by project ──────────────┐┌──────────────────────────────────────────────────────────────────────────────┐ "
"│◆ app (4) · box, laptop              ││                                                                              │ "
"│ running   ▾ herder/… (1) #12… laptop││                                                                              │ "
"│ running   └ test the cache laptop   ││                                                                              │ "
"│ needs you herder/api #7✓ box        ││                                                                              │ "
"│ idle      herder/fix-login box      ││                                                                              │ "
"│◆ docs (1) · box                     ││                                                                              │ "
"│ running   herder/guide #3 box       ││                                                                              │ "
"│◆ scratch (1) · laptop               ││                                                                              │ "
"│ idle      herder/try laptop         ││                                                                              │ "
"│                                     ││                                                                              │ "
"│                                     ││                                                                              │ "
"│                                     ││                                                                              │ "
"│                            ┌ new session · app ────────────────────────────────── esc ┐                             │ "
"│                            │                                                          │                             │ "
"│                            │  search   type to filter                                 │                             │ "
"│                            │                                                          │                             │ "
"│                            │  machine                                                 │                             │ "
"│                            │   ● box  /home/ann/src/app                         Main  │                             │ "
"│                            │ ▶ ● laptop  /work/app                              Main  │Enter.                       │ "
"│                            │                                                          │                             │ "
"│                            │  enter choose  ⌫ back  esc close                         │                             │ "
"│                            │                                                          │                             │ "
"│                            └──────────────────────────────────────────────────────────┘                             │ "
"│                                     ││                                                                              │ "
"│                                     ││                                                                              │ "
"│                                     ││                                                                              │ "
"│                                     ││                                                                              │ "
"│                                     ││                                                                              │ "
"│                                     ││                                                                              │ "
"│                                     ││                                                                              │ "
"│                                     ││                                                                              │ "
"│                                     ││                                                                              │ "
"│                                     ││                                                                              │ "
"│                                     ││                                                                              │ "
"│                                     ││                                                                              │ "
"│                                     ││                                                                              │ "
"└─────────────────────────────────────┘└──────────────────────────────────────────────────────────────────────────────┘ "
" ? help  q quit                                                                    ● box connected  ● laptop connected  "
