---
source: crates/herder-tui/src/views/tests.rs
expression: "render(&mut app, 100, 40).backend()"
---
" box › app · herder/api                                                                 inbox 1  +  "
"┌ sessions ─────────────────────┐┌ app · herder/api needs you ─── claude-main · claude-opus · ask ┐ "
"│● box (4)                      ││  · approval needed: Bash: echo step 1 echo step 2 echo step 3… │ "
"│ approve?  ▾ app · herder/… (2)││                                                                │ "
"│ running   └ write the tests   ││                                                                │ "
"│ error     └ document it       ││                                                                │ "
"│ idle      app · herder/fix-lo…││                                                                │ "
"│                               ││                                                                │ "
"│                               ││                                                                │ "
"│                               ││                                                                │ "
"│                               ││                                                                │ "
"│                               ││                                                                │ "
"│                               ││                                                                │ "
"│                               ││                                                                │ "
"│                               ││                                                                │ "
"│                               ││                                                                │ "
"│                               ││                                                                │ "
"│                               ││                                                                │ "
"│                               ││                                                                │ "
"│                               │└────────────────────────────────────────────────────────────────┘ "
"│                               │┃ △ approval · Bash                                                "
"│                               │┃ echo step 1                                                      "
"│                               │┃ echo step 2                                                      "
"│                               │┃ echo step 3                                                      "
"│                               │┃ echo step 4                                                      "
"│                               │┃ echo step 5                                                      "
"│                               │┃ echo step 6                                                      "
"│                               │┃ echo step 7                                                      "
"│                               │┃ echo step 8                                                      "
"│                               │┃ echo step 9                                                      "
"│                               │┃ echo step 10                                                     "
"│                               │┃ echo step 11                                                     "
"│                               │┃ echo step 12                                                     "
"│                               │┃ echo step 13                                                     "
"│                               │┃ echo step 14                                                     "
"│                               │┃ … 16 more lines  f full                                          "
"│                               │┃                                                                  "
"│                               │┃   allow      deny                               y allow  n deny  "
"└───────────────────────────────┘┃                                                                  "
" 1 waiting on you · I inbox  ? help  q quit                                        ● box connected  "
