---
source: crates/herder-tui/src/views/tests.rs
expression: terminal.backend()
---
" < back  box > app - api         inbox 0  +  "
"┌──────────────────────────────────────────┐ "
"│                                          │ "
"│                                          │ "
"│                                          │ "
"│                                          │ "
"│                                          │ "
"│                                          │ "
"│                                          │ "
"│                                          │ "
"│                                          │ "
"│                                          │ "
"│                                          │ "
"│                                          │ "
"│                                          │ "
"│                                          │ "
"│                                          │ "
"│                                          │ "
"│                                          │ "
"│                                          │ "
"│                                          │ "
"│                                          │ "
"│                                          │ "
"┌──────────────────────────────────────────┐ "
"│> /archive  archive the session           │ "
"│  /archive!  archive, discarding its w... │ "
"│  /accounts  accounts and their usage   A │ "
"│  /add  add a machine                   a │ "
"│  /switch  switch account, provider...  s │ "
"│  /mode <mode>  permission mode: read_... │ "
"│  /pr [n|url]  link a pull request      L │ "
"│  /recover  recover a session whose...  R │ "
"│  /fleet  machines and their connec...  m │ "
"│  /glyphs <ascii|unicode>  plain marks... │ "
"└──────────────────────────────────────────┘ "
"┌ message ─────────────────────────────────┐ "
"│/a                                        │ "
"└──────────────────── Enter send - < leave ┘ "
" > send   s switch   t term                  "
" ? help                               * box  "
