---
source: crates/herder-tui/src/views/tests.rs
expression: "render(&mut app, 45, 40).backend()"
---
" ! api - app - box             1/4  | switch "
" ! 1 need you  x 1  * 1             |    !   "
"                                             "
" | Add a health endpoint and test it.        "
"                                             "
"    + Thought: Where the router lives: s...  "
"    > Read src/api.rs                        "
"    * Grep "Router::new" in src (3 matc...   "
"    $ cargo test --workspace                 "
"    < Edit src/api.rs  +6 -0                 "
"    [] Todos 2/4                             "
"    + Task write tests > herder/api-tests    "
"      ` $ cargo test -p api health           "
"                                             "
"    I added GET /health; it returns 200      "
"    with the build version so load           "
"    balancers can probe it.                  "
"                                             "
"    - one route in src/api.rs                "
"    - one test, in a child session           "
"                                             "
"    = claude-main - claude-opus - 1m 12s     "
"                                             "
" | Good. Now remove the old target           "
" | directory.                                "
"                                             "
"                                             "
"                                             "
"                                             "
"                                             "
" | ? question                      22s ago   "
" | Which heading level for the API page?     "
" |  1 h2 under Reference                     "
" |  2 h1, its own page                       "
" | |or type an answer...                     "
" |                                           "
" | claude-main - claude-opus - ask           "
" `-----------------------------------------  "
"   | working - 1m 12s                5h 38%  "
" 1 h2 under .   2 h1, its o.   > send        "
