---
source: crates/herder-tui/src/views/tests.rs
expression: "render(&mut app, width, height).backend()"
---
" ! api - app - box             1/4  │ switch "
" ! 1 need you  x 1  * 1             │    !   "
"──────────────────────────────────────────── "
" │       Router::new()                       "
" │           .route("/", get(index))         "
" │ +         .route("/health",               "
" │   get(health))                            "
" │ + }                                       "
" │ +                                         "
" │ + /// 200 with the build version, for     "
" │   load balancers.                         "
" │ + async fn health() -> &'static str {     "
" │ +     env!("CARGO_PKG_VERSION")           "
" │   }                                       "
"                                             "
"    [] Todos 2/4                             "
"    + Task write tests > herder/api-tests    "
"      └ $ cargo test -p api health           "
"                                             "
"    I added GET /health; it returns 200      "
"    with the build version so load           "
"    balancers can probe it.                  "
"                                             "
"    - one route in src/api.rs                "
"    - one test, in a child session           "
"                                             "
"    = claude-main - claude-opus - 1m 12s     "
"                                             "
" │ Good. Now remove the old target           "
" │ directory.                                "
"                                             "
"    Removing the old target next: first I    "
"    check that nothing|                      "
"                                             "
" │ Write a prompt.                           "
" │                                           "
" │ claude-main - claude-opus - ask           "
" └─────────────────────────────────────────  "
"   | working - 1m 12s                5h 38%  "
" > send   ^c stop   s switch   t term        "
