---
source: crates/herder-tui/src/views/tests.rs
expression: "render(&mut app, 45, 20).backend()"
---
" < back  box > app - api         inbox 0  +  "
"┌──────────────────────────────────────────┐ "
"│assistant                                 │ "
"│  Done - the "fix" works. mostly > ship it│ "
"│                                          │ "
"│                                          │ "
"│                                          │ "
"│                                          │ "
"│                                          │ "
"│                                          │ "
"│                                          │ "
"│                                          │ "
"│                                          │ "
"│                                          │ "
"└──────────────────────────────────────────┘ "
"┌ message ─────────────────────────────────┐ "
"│ Write a prompt.                          │ "
"└────────────────────────────── i to write ┘ "
" i write   s switch   t term                 "
" ? help                               * box  "
