---
source: crates/herder-tui/src/views/tests.rs
expression: terminal.backend()
---
" herder        inbox 0 « │                                                                                                                                      "
"                         │                                                                                                                                      "
" machines     by machine │                                                                                                                                      "
"  ◉ box                1 │                                                                                                                                      "
"▶   ├ ◉ app · api        │                                                                                                                                      "
"    │ ├ ● write the tes… │                                                                                                                                      "
"    │ └ ✗ document it    │                                                                                                                                      "
"    └ ○ app · fix-login  │                                                                                                                                      "
"                         │                                                                                                                                      "
" ─────────────────────── │                                                                                                                                      "
" attention      priority │                                                                                                                                      "
"  ◉ api · app · box      │                                                                                                                                      "
"  ✗ document it · app    │                                                                                                                                      "
"  ● write the tests      │                       ┌ terminals · app · api ────────────────────────────── esc ┐                                                   "
"                         │                       │                                                          │                                                   "
"                         │                       │   + new terminal                                         │                                                   "
"                         │                       │                                                          │                                                   "
"                         │                       │  open shells                                          2  │                                                   "
"                         │                       │ ▶ $ terminal t1                                          │                                                   "
"                         │                       │   $ terminal t3                                          │                                                   "
"                         │                       │                                                          │                                                   "
"                         │                       │  enter attach  esc close                                 │here                                               "
"                         │                       │                                                          │                                                   "
"                         │                       └──────────────────────────────────────────────────────────┘                                                   "
"                         │                                                                                                                                      "
"                         │                                                                                                                                      "
"                         │                                                                                                                                      "
"                         │                                                                                                                                      "
"                         │                                                                                                                                      "
"                         │                                                                                                                                      "
"                         │                                                                                                                                      "
"                         │                                                                                                                                      "
"                         │                                                                                                                                      "
"                         │                                                                                                                                      "
"                         │                                                                                                                                      "
"                         │                                                                                                                                      "
" ─────────────────────── │                                                                                                                                      "
" + new            ≡ menu │                                                                                                                                      "
"─────────────────────────┴───────────────────────────────────────────────────────────────────────────────────────────────────────────────────────────────────── "
" esc close                                                                                                                                               ● box  "
