---
source: crates/herder-tui/src/views/tests.rs
expression: "render(&mut app, 100, 30).backend()"
---
" box › app · herder/api                                                                 inbox 1  +  "
"┌ sessions ─────────────────────┐ ┃   }                                                             "
"│● box (4)                      │ ┃                                                                 "
"│ approve?  ▾ app · herder/… (2)│                                                                   "
"│ running   └ write the tests   │    ☐ Todos 2/4                                                    "
"│ error     └ document it       │    ◇ Task write tests → herder/api-tests                          "
"│ idle      app · herder/fix-lo…│      └ $ cargo test -p api health                                 "
"│                               │                                                                   "
"│                               │    I added GET /health; it returns 200 with the build version     "
"│                               │    so load balancers can probe it.                                "
"│                               │                                                                   "
"│                               │    • one route in src/api.rs                                      "
"│                               │    • one test, in a child session                                 "
"│                               │                                                                   "
"│                               │    ▣ claude-main · claude-opus · 1m 12s                           "
"│                               │                                                                   "
"│                               │ ┃                                                                 "
"│                               │ ┃ Good. Now remove the old target directory.                      "
"│                               │ ┃                                                                 "
"│                               │                                                                   "
"│                               │    $ rm -rf target/                                               "
"│                               │                                                                   "
"│                               │ ┃                                                                 "
"│                               │ ┃ △ approval · Bash                               asked 12s ago   "
"│                               │ ┃ $ rm -rf target/                                                "
"│                               │ ┃                                                                 "
"│                               │ ┃  allow    deny          y allow · n deny · ←/→ enter · f full   "
"│                               │ ┃                                                                 "
"└───────────────────────────────┘   ⠋ working · 1m 12s  ctrl+c stop             claude-main 5h 38%  "
" 1 waiting on you · I inbox  y allow  n deny  ←/→ choose  enter confirm            ● box connected  "
