---
source: crates/herder-tui/src/views/tests.rs
assertion_line: 418
expression: "render(app, width, height).backend()"
---
"┌ accounts ─────────────────────────────────┐"
"│ ● box  connected                          │"
"│   Main  claude · claude-main · 4 sessions │"
"│     Session          42%                  │"
"│     ████████░░░░░░░░░░  resets in 2h 13m  │"
"│     Weekly           74%                  │"
"│     █████████████░░░░░  resets in 5d 3h   │"
"│     Weekly · Fable   93%                  │"
"│     █████████████████░  resets in 5d 3h   │"
"│   Work  claude · claude-work              │"
"│     no usage reported yet                 │"
"│   codex  codex                            │"
"│     Session    8%                         │"
"│     █░░░░░░░░░░░░░░░░░  resets in 40m     │"
"│     Weekly    20%                         │"
"│     ████░░░░░░░░░░░░░░  resets in 1d 0h   │"
"│ ✗ laptop  connection refused              │"
"│   no accounts: n adds one                 │"
"│                                           │"
"│                                           │"
"│                                           │"
"│                                           │"
"│                                           │"
"│                                           │"
"│                                           │"
"│                                           │"
"│                                           │"
"│                                           │"
"│                                           │"
"│                                           │"
"│                                           │"
"│                                           │"
"│                                           │"
"│                                           │"
"│ Failover is set in each machine's daemon  │"
"│ config (failover = true per account,      │"
"│ [failover] pin); herder does not report   │"
"│ it to clients yet.                        │"
"└────── n add  r reconnect  Esc close ──────┘"
" ● box  ✗ laptop                      ? help "
