---
source: crates/herder-tui/src/views/tests.rs
expression: "render(&mut app, 100, 20).backend()"
---
" herder        inbox 0 « │                                                                          "
"                         │                                                                          "
" machines     by machine │                                                                          "
"  ◉ b┌ commands ─────────────────────────────────────────────────────────────────────── esc ┐       "
"▶   ├│                                                                                      │       "
"    ││  :   acc                                                                             │       "
"    ││                                                                                      │       "
"    └│ ▶ accounts              accounts and their usage                                  A  │       "
"     │   switch                switch account, provider or model                         s  │       "
" ────│   mode <mode>           read_only, ask, auto_edit or full_access                     │       "
" atte│   archive               archive the session                                          │       "
"  ◉ a│   unarchive             bring an archived session back                               │       "
"  ✗ d│                                                                                      │       "
"  ● w│  enter run  tab complete  esc close                                                  │       "
"     │                                                                                      │       "
"     └──────────────────────────────────────────────────────────────────────────────────────┘       "
" ─────────────────────── │  ╹                                                                       "
" + new            ≡ menu │    ⠋ working · 0s                                                        "
"─────────────────────────┴───────────────────────────────────────────────────────────────────────── "
" esc close                                                                                   ● box  "
