---
source: crates/herder-tui/src/views/tests.rs
expression: "render(&mut app, 45, 40).backend()"
---
" ! api - app - box             1/4  | switch "
" ! 1 need you  x 1  * 1             |    !   "
"                                             "
"                                             "
"                                             "
"                                             "
"                                             "
"                                             "
"                                             "
"                                             "
"                                             "
"                                             "
"                                             "
"                                             "
"                                             "
"                                             "
"                                             "
"                                             "
"                                             "
"                                             "
"                                             "
"                                             "
"                                             "
"                                             "
"                                             "
"                                             "
"                                             "
"                                             "
"                                             "
"                                             "
"                                             "
"                                             "
"                                             "
"                                             "
" | ^ approval - tool                0s ago   "
" | Bash: rm -rf target                       "
" |                                           "
" |  allow    deny         y allow - n deny   "
"   | working - 0s                            "
" y allow   n deny   > send   esc done        "
