---
source: crates/herder-tui/src/views/tests.rs
expression: "render(&mut app, 100, 30).backend()"
---
" herder        inbox 1 « │  chat   tasks 2   prs   term                                             "
"                         │                                                                          "
" machines     by machine │                                                                          "
"  ◉ box                1 │     ☐ Todos 2/4                                                          "
"▶   ├ ◉ app · api      ! │     ◇ Task write tests → herder/api-tests                                "
"    │ ├ ● write the tes… │       └ $ cargo test -p api health                                       "
"    │ └ ✗ document it    │                                                                          "
"    └ ○ app · fix-login  │     I added GET /health; it returns 200 with the build version so        "
"                         │     load balancers can probe it.                                         "
" ─────────────────────── │                                                                          "
" attention      priority │     • one route in src/api.rs                                            "
"  ◉ api · app · box      │     • one test, in a child session                                       "
"  ✗ document it · app    │                                                                          "
"  ● write the tests      │     ▣ claude-main · claude-opus · 1m 12s                                 "
"                         │                                                                          "
"                         │  ┃                                                                       "
"                         │  ┃ Good. Now remove the old target directory.                            "
"                         │  ┃                                                                       "
"                         │                                                                          "
"                         │     $ rm -rf target/                                                     "
"                         │                                                                          "
"                         │  ┃                                                                       "
"                         │  ┃ △ approval · Bash                                    asked 12s ago    "
"                         │  ┃ $ rm -rf target/                                                      "
"                         │  ┃                                                                       "
"                         │  ┃  allow    deny               y allow · n deny · ←/→ enter · f full    "
" ─────────────────────── │  ┃                                                                       "
" + new            ≡ menu │    ⠋ working · 1m 12s                               claude-main 5h 38%   "
"─────────────────────────┴───────────────────────────────────────────────────────────────────────── "
"  PROMPT   ◉ 1 waiting  y allow  n deny  ←/→ choose  enter confirm  f full  esc navigate     ● box  "
