---
source: crates/herder-tui/src/views/tests.rs
expression: "render(&mut app, 100, 12).backend()"
---
" ‹ ba┌ commands ─────────────────────────────────────────────────────────────────────── esc ┐ 0  +  "
"┌ ses│                                                                                      │ ask ┐ "
"│● bo│  :   mode yolo                                                                       │     │ "
"│ nee│                                                                                      │     │ "
"│ run│ ▶ mode <mode>             permission mode: read_only ask auto_edit full_access       │     │ "
"│ err│                                                                                      │     │ "
"│ idl│  unknown mode yolo                                                                   │     │ "
"│    │                                                                                      │─────┘ "
"│    │  enter run  tab complete  esc close                                                  │─────┐ "
"│    │                                                                                      │     │ "
"└────└──────────────────────────────────────────────────────────────────────────────────────┘rite ┘ "
" ? help  q quit                                                                    ● box connected  "
