---
source: crates/herder-tui/src/views/tests.rs
expression: terminal.backend()
---
" herder        inbox 0 « │  chat   tasks 2   prs   term                      │ ◉ api                         needs you  "
"                         │                                                   │ herder/api · box · ~/src/app             "
" machines     by machine │  ┃ Add a health endpoint and test it.             │ claude-main · claude-opus · ask          "
"  ◉ box                1 │                                                   │                                          "
"▶   ├ ◉ app · api        │     + Thought: The router lives in src/api.rs.    │ Tasks 2                                  "
"    │ ├ ● write the tes… │     $ cargo test --workspace                      │ ● write the tests                        "
"    │ └ ✗ document it    │                                                   │ ✗ document it                            "
"    └ ○ app · fix-login  │     Plan                                          │                                          "
"                         │     I added GET /health; it returns 200 with      │                                          "
" ─────────────────────── │     the build version, so load balancers can      │                                          "
" attention      priority │     probe it.                                     │                                          "
"  ◉ api · app · box      │     • one route                                   │                                          "
"  ✗ document it · app    │     • one test                                    │                                          "
"  ● write the tests      │       fn health() {}                              │                                          "
"                         │                                                   │                                          "
"                         │     Now the docs: the endpoint is▌                │                                          "
"                         │                                                   │                                          "
"                         │                                                   │                                          "
"                         │                                                   │                                          "
"                         │                                                   │                                          "
"                         │                                                   │                                          "
"                         │                                                   │                                          "
"                         │                                                   │                                          "
"                         │                                                   │                                          "
"                         │                                                   │                                          "
"                         │                                                   │                                          "
"                         │                                                   │                                          "
"                         │                                                   │                                          "
"                         │                                                   │                                          "
"                         │                                                   │                                          "
"                         │                                                   │                                          "
"                         │                                                   │                                          "
"                         │                                                   │                                          "
"                         │  ┃ Write a prompt…                                │                                          "
"                         │  ┃                                                │                                          "
"                         │  ┃ claude-main · claude-opus · ask                │                                          "
" ─────────────────────── │  ╹                                                │                                          "
" + new            ≡ menu │                                                   │                                          "
"─────────────────────────┴───────────────────────────────────────────────────┴───────────────────────────────────────── "
"  NAVIGATE   i write  j/k scroll  [ ] items  e expand  c copy  esc sidebar  s switch  p prs  ctrl+x leader       ● box  "
