---
source: crates/herder-tui/src/views/tests.rs
expression: "render(&mut app, 90, 20).backend()"
---
" herder        inbox 0 « │ ┌ add account ──────────────────────────────────────── esc ┐   "
"                         │ │                                                          │   "
" machines     by machine │ │  Runs the provider's own login on box, in a terminal     │   "
"  ◉ box                1 │ │  here.                                                   │   "
"▶   ├ ◉ app · api        │ │                                                          │   "
"    │ ├ ● write the tes… │ │  provider     codex  ‹ ›                                 │   "
"    │ └ ✗ document it    │ │  id           codex-2                                    │   "
"    └ ○ app · fix-login  │ │  label        the id                                     │   "
"                         │ │  config dir   ~/.codex-codex-2                           │   "
" ─────────────────────── │ │                                                          │   "
" attention      priority │ │  codex shows a device code: open the link and enter it.  │   "
"  ◉ api · app · box      │ │  The account is added once the login succeeds. ctrl+]    │   "
"  ✗ document it · app    │ │  d detaches.                                             │   "
"  ● write the tests      │ │                                                          │   "
"                         │ │  enter log in  tab field                                 │   "
"                         │ │                                                          │   "
" ─────────────────────── │ └──────────────────────────────────────────────────────────┘   "
" + new            ≡ menu │                                                                "
"─────────────────────────┴─────────────────────────────────────────────────────────────── "
" esc close                                                                         ● box  "
