---
source: crates/herder-tui/src/views/tests.rs
expression: terminal.backend()
---
" herder        inbox 0 « │ fleet · 1 machine                                                                                                                    "
"                         │                                                                                                                                      "
" machines     by machine │ ▶ ● box  owner  127.0.0.1:7447                                                             cpu  42%  mem  62%  psi  12%  4/4 turns   "
"  ◉ box                1 │     abab…abab · 0 accounts · 4 sessions                                                                                              "
"▶   ├ ◉ app · api        │                                                                                                                                      "
"    │ ├ ● write the tes… │   box                                                                                                                                "
"    │ └ ✗ document it    │   state         connected                                                                                                            "
"    └ ○ app · fix-login  │   role          owner                                                                                                                "
"                         │   accounts      none                                                                                                                 "
" ─────────────────────── │   cpu           42% of 8 cores                                                                                                       "
" attention      priority │   load          3.25 over 1 min                                                                                                      "
"  ◉ api · app · box      │   memory        10.0 / 16.0 GiB, 62%                                                                                                 "
"  ✗ document it · app    │   pressure      cpu 3% mem 12% io 0%                                                                                                 "
"  ● write the tests      │   memory stall  1% of the last 10 s                                                                                                  "
"                         │   turns         4/4 running, 1 waiting                                                                                               "
"                         │   binds         the turn cap                                                                                                         "
"                         │   host id       h1                                                                                                                   "
"                         │   addresses     127.0.0.1:7447                                                                                                       "
"                         │   fingerprint   abababababababababababababababababababababababababababababababab                                                     "
"                         │                                                                                                                                      "
"                         │                                                                                                                                      "
"                         │                                                                                                                                      "
"                         │                                                                                                                                      "
"                         │                                                                                                                                      "
"                         │                                                                                                                                      "
"                         │                                                                                                                                      "
"                         │                                                                                                                                      "
"                         │                                                                                                                                      "
"                         │                                                                                                                                      "
"                         │                                                                                                                                      "
"                         │                                                                                                                                      "
"                         │                                                                                                                                      "
"                         │                                                                                                                                      "
"                         │                                                                                                                                      "
"                         │                                                                                                                                      "
"                         │                                                                                                                                      "
" ─────────────────────── │                                                                                                                                      "
" + new            ≡ menu │                                                                                                                                      "
"─────────────────────────┴───────────────────────────────────────────────────────────────────────────────────────────────────────────────────────────────────── "
" j/k move  a add machine  n add account  e rename  d forget  r reconnect  esc back                                                                       ● box  "
