---
source: crates/herder-tui/src/views/tests.rs
expression: "render(&mut app, 110, 24).backend()"
---
" herder        inbox 0 « │  chat   tasks 2   prs 2   term                    claude-main · claude-opus · ask  "
"                         │                                                                                    "
" machines     by machine │   #7  open    ci ✓  review ✓  merge ✓  Add a health endpoint               fix-7   "
"  ◉ box                1 │ ▶ #9  draft   ci ✗  review …  merge ✗  Document the health endpoint        fix-9   "
"▶   ├ ◉ app · api        │                                                                                    "
"    │ ├ ● write the tes… │                                                                                    "
"    │ └ ✗ document it    │                                                                                    "
"    └ ○ app · fix-login  │                                                                                    "
"                         │                                                                                    "
" ─────────────────────── │                                                                                    "
" attention      priority │                                                                                    "
"  ◉ api · app · box      │                                                                                    "
"  ✗ document it · app    │                                                                                    "
"  ● write the tests      │                                                                                    "
"                         │                                                                                    "
"                         │                                                                                    "
"                         │                                                                                    "
"                         │                                                                                    "
"                         │                                                                                    "
"                         │                                                                                    "
" ─────────────────────── │                                                                                    "
" + new            ≡ menu │                                                                                    "
"─────────────────────────┴─────────────────────────────────────────────────────────────────────────────────── "
"  NAVIGATE   j/k move  enter browser  x unlink  L link  esc chat                                       ● box  "
