---
source: crates/herder-tui/src/views/tests.rs
expression: terminal.backend()
---
" prs 3                      < back  | switch "
" ! 1 need you  x 1  * 1             |    !   "
"                                             "
" ! app - api                            box  "
"> #7  open    Add a health endpoint          "
"    ci v  review v  merge v                  "
"  #9  draft   Document the health endpoint   "
"    ci x  review .  merge x                  "
"                                             "
" * write the tests                      box  "
"  #8  merged  Test the health endpoint       "
"    ci v  review -                           "
"                                             "
"                                             "
"                                             "
"                                             "
"                                             "
"                                             "
"                                             "
"                                             "
"                                             "
"                                             "
"                                             "
"                                             "
"                                             "
"                                             "
"                                             "
"                                             "
"                                             "
"                                             "
"                                             "
"                                             "
"                                             "
"                                             "
"                                             "
"                                             "
"                                             "
"                                             "
"                                             "
" > open   l session   x unlink               "
