---
source: crates/herder-tui/src/views/tests.rs
expression: terminal.backend()
---
" herder        inbox 0 « │  chat   tasks 1   prs   term                                                              │ ● Fix the flaky reconnect tes…  running  "
"                         │                                                                                           │ herder/eq3z0kae · box                    "
" projects     by project │     → Read crates/herder-client-core/src/connection.rs                               1s   │ ~/Projects/herder-sh/herder              "
"  ◉ herder             1 │     ✱ Grep "reconnect" in crates (4 matches)                                         1s   │ claude-main · claude-opus · full_access  "
"    ├ ◉ p2d-6-secondary… │                                                                                           │                                          "
"    ├ ▪ Draft the pairi… │  ┃                                                                                        │ Usage · claude-main                      "
"▶   ├ ● Fix the flaky r… │  ┃ $ cargo test -p herder-client-core reconnect                                     14s   │ Session  ━━━━━━━━━━━━━━━━━━━━  31%       "
"    │ └ ● write the reg… │  ┃ test client::reconnect::case_01 ... ok                                                 │ Weekly   ━━━━━━━━━━━━━━━━━━━━  22%       "
"    ├ ▪ Try a sqlite WA… │  ┃ test client::reconnect::case_02 ... ok                                                 │                                          "
"    ├ ▪ Bump ratatui     │  ┃ test client::reconnect::case_03 ... ok                                                 │ Tasks 1                                  "
"    └ ○ Restyle the sec… │  ┃ test client::reconnect::case_04 ... ok                                                 │ ● write the regression test              "
" 3 archived       H hide │  ┃ test client::reconnect::case_05 ... ok                                                 │                                          "
"                         │  ┃ test client::reconnect::case_06 ... ok                                                 │ Resources · box                          "
" ─────────────────────── │  ┃ test client::reconnect::case_07 ... ok                                                 │ cpu    44%                               "
" attention      priority │  ┃ test client::reconnect::case_08 ... ok                                                 │ mem    45%                               "
"  ◉ p2d-6-secondary-vie… │  ┃ test client::reconnect::case_09 ... ok                                                 │ psi    12%                               "
"  ● Fix the flaky recon… │  ┃ test client::reconnect::case_10 ... ok                                                 │ turns  2/4                               "
"  ● write the regressio… │  ┃ … 30 more lines                                                           c copy all   │                                          "
"                         │  ┃                                                                                        │                                          "
"                         │                                                                                           │                                          "
"                         │  ┃                                                                                        │                                          "
"                         │  ┃ $ cargo clippy -p herder-client-core -- -D warnings                    ✗ failed · 3s   │                                          "
"                         │  ┃ error: unused variable: `backoff`                                                      │                                          "
"                         │  ┃   --> crates/herder-client-core/src/connection.rs:212:13                               │                                          "
"                         │  ┃                                                                                        │                                          "
"                         │  ┃ error: could not compile `herder-client-core`                                          │                                          "
"                         │  ┃                                                                                        │                                          "
"                         │                                                                                           │                                          "
"                         │     ← Edit crates/herder-client-core/src/connection.rs  +1 -1                        1s   │                                          "
"                         │                                                                                           │                                          "
"                         │     The test raced the reconnect timer: retry() ignored the backoff, so a second          │                                          "
"                         │     attempt could land before the first one closed.                                       │                                          "
"                         │                                                                                           │                                          "
"                         │  ┃ Write a prompt…                                                                        │                                          "
"                         │  ┃                                                                                        │                                          "
"                         │  ┃ claude-main · claude-opus · full_access                                                │                                          "
" ─────────────────────── │  ╹                                                                                        │                                          "
" + new            ≡ menu │    ✗ model opus-9 is not available on claude-main                     claude-main 5h 31%  │                                          "
"─────────────────────────┴───────────────────────────────────────────────────────────────────────────────────────────┴───────────────────────────────────────── "
"  NAVIGATE   i write  j/k scroll  [ ] items  e expand  c copy  esc sidebar  ctrl+c stop  s switch  p prs  ctrl+x leader  ? help                          ● box  "
