---
source: crates/herder-tui/src/views/tests.rs
expression: terminal.backend()
---
" herder        inbox 0 « │                                                                                              "
"                         │                                                                                              "
" projects     by project │                                                                                              "
"▶ ◉ app                1 │                                                                                              "
"    ├ ● cache            │                                                                                              "
"    │ └ ● test the cache │                                                                                              "
"    ├ ◉ api              │                                                                                              "
"    └ ○ fix-login        │                                                                                              "
"  ● docs                 │                                                                                              "
"    └ ● guide            │                                                                                              "
"  ○ scratch              │                                                                                              "
"    └ ○ try              │                                                                                              "
"                         │                                                                                              "
" ─────────────────────── │                                                                                              "
" attention      priority │   ┌ new session · app ────────────────────────────────── esc ┐                               "
"  ◉ api · app · box      │   │                                                          │                               "
"  ● cache · app · laptop │   │  search   ▌type to filter                                │                               "
"  ● test the cache · app │   │                                                          │                               "
"  ● guide · docs · box   │   │  machine                                                 │                               "
"                         │   │   ● box  /home/ann/src/app                         Main  │                               "
"                         │   │ ▶ ● laptop  /work/app                              Main  │                               "
"                         │   │                                                          │here                           "
"                         │   │  enter choose  ⌫ back  esc close                         │                               "
"                         │   │                                                          │                               "
"                         │   └──────────────────────────────────────────────────────────┘                               "
"                         │                                                                                              "
"                         │                                                                                              "
"                         │                                                                                              "
"                         │                                                                                              "
"                         │                                                                                              "
"                         │                                                                                              "
"                         │                                                                                              "
"                         │                                                                                              "
"                         │                                                                                              "
"                         │                                                                                              "
"                         │                                                                                              "
" ─────────────────────── │                                                                                              "
" + new            ≡ menu │                                                                                              "
"─────────────────────────┴───────────────────────────────────────────────────────────────────────────────────────────── "
" esc close                                                                                             ● box  ● laptop  "
