---
source: crates/herder-tui/src/views/tests.rs
expression: "render(&mut app, 90, 20).backend()"
---
" ‹ back  herder                                                                inbox 0  + "
"┌ sessions ──────────────────┐┌──────────────────────────────────────────────────────────┐"
"│● box (4)                   ││                                                          │"
"│ needs you ▾ app · herd… (2)││                                                          │"
"│ ┌ add an account ────────────────────────────────────────────────────────────────────┐ │"
"│ │                                                                                    │ │"
"│ │ Runs the provider's own login on box, in a terminal here.                          │ │"
"│ │                                                                                    │ │"
"│ │   provider      claude   codex   cursor                                            │ │"
"│ │   id           codex-2▌                                                            │ │"
"│ │   label        the id                                                              │ │"
"│ │   config dir   ~/.codex-codex-2                                                    │ │"
"│ │                                                                                    │ │"
"│ │ codex shows a device code: open the link and enter it.                             │ │"
"│ │ The account is added once the login succeeds. Ctrl-] d detaches.                   │ │"
"│ │                                                                                    │ │"
"│ └───────────────── Enter log in  Tab field  ←→ provider  Esc cancel ─────────────────┘ │"
"│                            ││                                                          │"
"└────────────────────────────┘└──────────────────────────────────────────────────────────┘"
" ● box connected                                                           ? help  q quit "
