---
source: crates/herder-tui/src/views/tests.rs
expression: "render(&mut app, 160, 50).backend()"
---
" box › app · herder/api                                                                                                                             inbox 0  +  "
"┌ sessions ────────────────────────────────┐                                                                                                                    "
"│● box (4)                                 │▌┃                                                                                                                  "
"│ needs you ▾ app · herder/api (2)         │▌┃ $ cargo test --workspace                                                                                         "
"│ running   └ write the tests              │▌┃ running 12 tests                                                                                                 "
"│ error     └ document it                  │▌┃ test health::ok ... ok                                                                                           "
"│ idle      app · herder/fix-login         │▌┃ test health::version ... ok                                                                                      "
"│                                          │▌┃ test api::router ... ok                                                                                          "
"│                                          │▌┃ test api::routes ... ok                                                                                          "
"│                                          │▌┃ test api::cors ... ok                                                                                            "
"│                                          │▌┃ test db::pool ... ok                                                                                             "
"│                                          │▌┃ test db::migrate ... ok                                                                                          "
"│                                          │▌┃ test auth::login ... ok                                                                                          "
"│                                          │▌┃ test auth::logout ... ok                                                                                         "
"│                                          │▌┃ test auth::refresh ... ok                                                                                        "
"│                                          │▌┃ test auth::expired ... ok                                                                                        "
"│                                          │▌┃                                                                                                                  "
"│                                          │▌┃ test result: ok. 12 passed; 0 failed                                                                             "
"│                                          │▌┃                                                                                                                  "
"│                                          │                                                                                                                    "
"│                                          │ ┃                                                                                                                  "
"│                                          │ ┃ ← Edit src/api.rs  +6 -0                                                                                         "
"│                                          │ ┃   pub fn router() -> Router {                             pub fn router() -> Router {                            "
"│                                          │ ┃       Router::new()                                           Router::new()                                      "
"│                                          │ ┃           .route("/", get(index))                                 .route("/", get(index))                        "
"│                                          │ ┃                                                         +         .route("/health", get(health))                 "
"│                                          │ ┃                                                         + }                                                      "
"│                                          │ ┃                                                         +                                                        "
"│                                          │ ┃                                                         + /// 200 with the build version, for load balancers.    "
"│                                          │ ┃                                                         + async fn health() -> &'static str {                    "
"│                                          │ ┃                                                         +     env!("CARGO_PKG_VERSION")                          "
"│                                          │ ┃   }                                                       }                                                      "
"│                                          │ ┃                                                                                                                  "
"│                                          │                                                                                                                    "
"│                                          │    ☐ Todos 2/4                                                                                                     "
"│                                          │    ◇ Task write tests → herder/api-tests                                                                           "
"│                                          │      └ $ cargo test -p api health                                                                                  "
"│                                          │                                                                                                                    "
"│                                          │    I added GET /health; it returns 200 with the build version so load balancers can probe it.                      "
"│                                          │                                                                                                                    "
"│                                          │    • one route in src/api.rs                                                                                       "
"│                                          │    • one test, in a child session                                                                                  "
"│                                          │                                                                                                                    "
"│                                          │                                                                                                                    "
"│                                          │ ┃ Write a prompt…                                                                                                  "
"│                                          │ ┃                                                                                                                  "
"│                                          │ ┃ claude-main · claude-opus · ask                                                                                  "
"│                                          │ ╹                                                                                                                  "
"└──────────────────────────────────────────┘   ⠋ working · 1m 12s  ctrl+c stop                                                              claude-main 5h 38%  "
" i write  [ ] items  e expand  c copy  ? help                                                                                                  ● box connected  "
