---
source: crates/herder-tui/src/views/tests.rs
expression: terminal.backend()
---
" herder        inbox 0 « │  chat   tasks 2   prs   term                      │ ◉ api  needs you                         "
"                         │                                                   │ herder/api · box · ~/src/app             "
" machines     by machine │                                                   │ Main · claude-opus · ask                 "
"  ◉ box                1 │                                                   │                                          "
"▶   ├ ◉ app · api        │                                                   │ Usage · Main                             "
"    │ ├ ● write the tes… │                                                   │ Session         ████████░░░░░░░░░░  42%  "
"    │ └ ✗ document it    │                                                   │ Weekly          █████████████░░░░░  74%  "
"    └ ○ app · fix-login  │                                                   │ Weekly · Fable  █████████████████░  93%  "
"  · laptop       offline │                                                   │ failover off                             "
"                         │                                                   │                                          "
" ─────────────────────── │                                                   │ Tasks 2                                  "
" attention      priority │                                                   │ ● write the tests                        "
"  ◉ api · app · box      │                                                   │ ✗ document it                            "
"  ✗ document it · app    │                                                   │                                          "
"  ● write the tests      │                                                   │                                          "
"                         │                                                   │                                          "
"                         │                                                   │                                          "
"                         │                                                   │                                          "
"                         │                                                   │                                          "
"                         │                                                   │                                          "
"                         │                                                   │                                          "
"                         │                                                   │                                          "
"                         │                                                   │                                          "
"                         │                                                   │                                          "
"                         │                                                   │                                          "
"                         │                                                   │                                          "
"                         │                                                   │                                          "
"                         │                                                   │                                          "
"                         │                                                   │                                          "
"                         │                                                   │                                          "
"                         │                                                   │                                          "
"                         │                                                   │                                          "
"                         │                                                   │                                          "
"                         │  ┃ s                                              │                                          "
"                         │  ┃                                                │                                          "
"                         │  ┃ Main · claude-opus · ask                       │                                          "
" ─────────────────────── │  ╹                                                │                                          "
" + new            ≡ menu │                          Main Weekly · Fable 93%  │                                          "
"─────────────────────────┴───────────────────────────────────────────────────┴───────────────────────────────────────── "
"  PROMPT   enter send  alt+enter newline  / commands  @ mention  esc navigate  ctrl+x leader           ● box  ✗ laptop  "
