---
source: crates/herder-tui/src/views/tests.rs
expression: terminal.backend()
---
" switch                                      "
" ! 2 need you  x 1 error                     "
"-------------------------------------------- "
" attention                                   "
"  ! api - app                           box  "
"  ! write the tests - app               box  "
"  x document it - app                   box  "
"                                             "
" machines                                    "
"  ! box                                   2  "
">   | ! app - api                         1  "
"    | | ! write the tests                 !  "
"    | ` x document it                        "
"    ` o app - fix-login                      "
"  + new session                              "
"                                             "
" views                                       "
"  inbox 1   prs 3   accounts   fleet         "
"                                             "
" menu                                        "
"  keys   reconnect   quit                    "
"                                             "
"                                             "
"                                             "
"                                             "
"                                             "
"                                             "
"                                             "
"                                             "
"                                             "
"                                             "
"                                             "
"                                             "
"                                             "
"                                             "
"                                             "
"                                             "
"                                             "
"                                             "
" > open   n new   s switch   t term   : cmd  "
