---
source: crates/herder-tui/src/views/tests.rs
expression: terminal.backend()
---
" < back  box > app - api         inbox 0  +  "
"┌──────────────────────────────────────────┐ "
"│                                          │ "
"│                                          │ "
"│                                          │ "
"│                                          │ "
"│                                          │ "
"│                                          │ "
"│                                          │ "
"│                                          │ "
"┌ switch - app - api ───────────────── esc ┐ "
"│                                          │ "
"│  search   type to filter                 │ "
"│                                          │ "
"│  same provider   conversation continues  │ "
"│   * Main            Weekly - Fable  93%  │ "
"│     Work                                 │ "
"│                                          │ "
"│  other provider  replays the transcript  │ "
"│ >   codex                   Weekly  20%  │ "
"│                                          │ "
"│  model    the provider's default         │ "
"│                                          │ "
"│  Moves to codex between turns,           │ "
"│  replaying the transcript there.         │ "
"│                                          │ "
"│  enter switch  tab model                 │ "
"│                                          │ "
"└──────────────────────────────────────────┘ "
"│                                          │ "
"│                                          │ "
"│                                          │ "
"│                                          │ "
"│                                          │ "
"└──────────────────────────────────────────┘ "
"┌ message ─────────────────────────────────┐ "
"│ Write a prompt.                          │ "
"└────────────────────────────── i to write ┘ "
" > switch   esc close                        "
" ? help                     * box  x laptop  "
