---
source: crates/herder-tui/src/views/tests.rs
expression: "render(&mut app, 90, 12).backend()"
---
" herder        inbox 0 « │                                                                "
"                         │                                                                "
" machines     ┌ link a pull request · app · api ──────────────────── esc ┐                "
"  ◉ box       │                                                          │                "
"▶   ├ ◉ app · │  pr   https://github.com/acme/app/pull/31                │                "
" ─────────────│                                                          │                "
" attention    │  enter link  esc cancel                                  │                "
"  ◉ api · app │                                                          │here            "
" ─────────────└──────────────────────────────────────────────────────────┘                "
" + new            ≡ menu │                                                                "
"─────────────────────────┴─────────────────────────────────────────────────────────────── "
" esc close                                                                         ● box  "
