---
source: crates/herder-tui/src/views/tests.rs
expression: "render(&mut app, 80, 36).backend()"
---
"┌ keys ────────────────────────────────────────────────────────────────── esc ┐ "
"│                                                                             │ "
"│  ctrl+x <key>        the key's NAVIGATE action, from any mode               │ "
"│  ctrl+x b / d        collapse the sidebar / show the details                │ "
"│  ctrl+x 1-9          open that row of the attention list                    │ "
"│  /                   go to a session: the sidebar, or the switcher          │ "
"│  h, ⌫, ←             in the sidebar: up a level                             │ "
"│  Esc                 in the sidebar: back to the open session               │ "
"│  j / k, ↓ / ↑        move, or scroll the transcript                         │ "
"│  Enter, l            open the selected session                              │ "
"│  Tab                 switch between sessions and transcript                 │ "
"│  Tab, Enter          narrow screen: move along the button bar, press        │ "
"│  h, ⌫, Esc           back to the sessions                                   │ "
"│  b / Space           scroll a page (also PgUp / PgDn)                       │ "
"│  g / G               first / last; G follows the transcript                 │ "
"│  i, Enter            write in the open session                              │ "
"│  Enter / Alt-Enter   send / new line, in the composer                       │ "
"│  / , @               in the composer: commands; a task child, or a file     │ "
"│  Ctrl-v, @file.png   in the composer: attach the clipboard's image, a file  │ "
"│  ↑ / ↓               in the composer: earlier prompts                       │ "
"│  [ / ]               previous / next item of the transcript                 │ "
"│  e, Enter            expand the item: tool output, diff, reasoning          │ "
"│  c                   copy the item                                          │ "
"│  o / w               open / save the item's images, else the last prompt's  │ "
"│  x                   stop the running turn                                  │ "
"│  Esc, ⌫ on empty     leave the composer or close a dialog                   │ "
"│  y / n               allow / deny the pending approval                      │ "
"│  1-9                 pick an answer to the pending question                 │ "
"│  ←/→, h/l, Enter     choose an answer to the pending request, give it       │ "
"│  f                   the pending request full screen                        │ "
"│  Ctrl-c, :interrupt  interrupt the running turn                             │ "
"│  : / Ctrl-p          the command palette: type to filter, Enter runs        │ "
"│                                                                             │ "
"│  j/k scroll  esc close                                                      │ "
"│                                                                             │ "
"└─────────────────────────────────────────────────────────────────────────────┘ "
