---
source: crates/herder-tui/src/views/tests.rs
expression: "render(&mut app, 110, 20).backend()"
---
"┌ sessions ────────────────────────┐┌ write the tests needs you ────────────────────────── claude-opus · ask ┐"
"│● box (4)                         ││  · question for the primary session: Which port should the server use? │"
"│ needs you ▾ app · herder/… (2) !1││  · question escalated to you: the primary session left it to you; the… │"
"│ question  └ write the tests      ││  · allowed by the primary session                                      │"
"│ error     └ document it          ││                                                                        │"
"│ approve?  app · herder/fix-login ││                                                                        │"
"│                                  ││                                                                        │"
"│                                  ││                                                                        │"
"│                                  ││                                                                        │"
"│                                  │└ child of app · herder/api ─────────────────────────────────────────────┘"
"│                                  │┌ question ──────────────────────────────────────────────────────────────┐"
"│                                  ││Which port should the server use?                                       │"
"│                                  ││1. 8080                                                                 │"
"│                                  ││2. 3000                                                                 │"
"│                                  ││the primary session left it to you                                      │"
"│                                  ││the primary says: Production uses 8080 behind the proxy; your call.     │"
"│                                  ││1-2 pick · or type an answer below                                      │"
"│                                  │└────────────────────────────────────────────────────────────────────────┘"
"└──────────────────────────────────┘┌ answer ──────────────────────────────────────────────────── i to write ┐"
" 2 waiting on you · I inbox  ● box connected                                                   ? help  q quit "
