---
source: crates/herder-tui/src/views/tests.rs
expression: terminal.backend()
---
" herder                                                                                                     inbox 0  +  "
"┌ sessions · by project ──────────────┐┌ pull requests · by project ──────────────────────────────────────────────────┐ "
"│◆ app (4) · box, laptop              ││◆ app                                                                         │ "
"│ running   ▾ herder/… (1) #12… laptop││  laptop · app · herder/cache  running                                        │ "
"│ running   └ test the cache laptop   ││    #12 draft  … ci             ? merge    Cache the health checks  fix-12    │ "
"│ needs you herder/api #7✓ box        ││  box · app · herder/api  needs you                                           │ "
"│ idle      herder/fix-login box      ││    #7  open   ✓ ci             ? merge    Add a health endpoint  fix-7       │ "
"│◆ docs (1) · box                     ││                                                                              │ "
"│ running   herder/guide #3 box       ││◆ docs                                                                        │ "
"│◆ scratch (1) · laptop               ││  box · docs · herder/guide  running                                          │ "
"│ idle      herder/try laptop         ││    #3  open     –             ? merge    Write the health guide  fix-3       │ "
"│                                     ││                                                                              │ "
"│                                     ││                                                                              │ "
"│                                     ││                                                                              │ "
"│                                     ││                                                                              │ "
"│                                     ││                                                                              │ "
"│                                     ││                                                                              │ "
"│                                     ││                                                                              │ "
"│                                     ││                                                                              │ "
"│                                     ││                                                                              │ "
"│                                     ││                                                                              │ "
"│                                     ││                                                                              │ "
"│                                     ││                                                                              │ "
"│                                     ││                                                                              │ "
"│                                     ││                                                                              │ "
"│                                     ││                                                                              │ "
"│                                     ││                                                                              │ "
"│                                     ││                                                                              │ "
"│                                     ││                                                                              │ "
"│                                     ││                                                                              │ "
"│                                     ││                                                                              │ "
"│                                     ││                                                                              │ "
"│                                     ││                                                                              │ "
"│                                     ││                                                                              │ "
"│                                     ││                                                                              │ "
"│                                     ││                                                                              │ "
"│                                     ││                                                                              │ "
"│                                     ││                                                                              │ "
"└─────────────────────────────────────┘└─────────────────────── Enter open · l session · x unlink · L link · Esc back ┘ "
" ? help  q quit                                                                    ● box connected  ● laptop connected  "
