---
source: crates/herder-tui/src/views/tests.rs
expression: "render(&mut app, 120, 12).backend()"
---
" laptop › app · herder/docs                                                                                 inbox 0  +  "
"┌ sessions ───────────────────────────┐                                                                                 "
"│● vault (1)                          │                                                                                 "
"│  ● devbox (1)                       │                                                                                 "
"│ idle      app · herder/docs         │                                                                                 "
"│  ● laptop (0)                       │                                                                                 "
"│● laptop (1)                         │                                                                                 "
"│ moved     app · herder/docs → devbox│                                                                                 "
"│                                     │                                                                                 "
"│                                     │ moved to devbox · read-only here                                                "
"└─────────────────────────────────────┘                                                                                 "
" i write  [ ] items  e expand  c copy  ? help                                    ● vault connected  ● laptop connected  "
