---
source: crates/herder-tui/src/views/tests.rs
expression: terminal.backend()
---
" herder        inbox 0 « │  chat   tasks 1   prs   term                                             "
"                         │                                                                          "
" projects     by project │  ┃                                                                       "
"  ◉ herder             1 │  ┃ Fix the flaky reconnect test in herder-client-core and explain the    "
"    ├ ◉ p2d-6-secondary… │  ┃ root cause                                                            "
"▶   ├ ● Fix the flaky r… │  ┃                                                                       "
"    │ └ ● write the reg… │                                                                          "
"    └ ○ Restyle the sec… │     → Read crates/herder-client-core/src/connection.rs             1s    "
" 3 archived       H show │     ✱ Grep "reconnect" in crates (4 matches)                       1s    "
"                         │     $ cargo test -p herder-client-core reconnect                  14s    "
" ─────────────────────── │     $ cargo clippy -p herder-client-core -- -D warnin…  ✗ failed · 3s    "
" attention      priority │     ← Edit crates/herder-client-core/src/connection.rs  +1 -1      1s    "
"  ◉ p2d-6-secondary-vie… │                                                                          "
"  ● Fix the flaky recon… │     The test raced the reconnect timer: retry() ignored the backoff,     "
"  ● write the regressio… │     so a second attempt could land before the first one closed.          "
"                         │                                                                          "
"                         │                                                                          "
"                         │                                                                          "
"                         │                                                                          "
"                         │                                                                          "
"                         │                                                                          "
"                         │                                                                          "
"                         │                                                                          "
"                         │  ┃ ▌Write a prompt…                                                      "
"                         │  ┃                                                                       "
"                         │  ┃ claude-main · claude-opus · full_access                               "
" ─────────────────────── │  ╹                                                                       "
" + new            ≡ menu │    ✗ model opus-9 is not available on claude-main   claude-main 5h 31%   "
"─────────────────────────┴───────────────────────────────────────────────────────────────────────── "
"  PROMPT   enter send  alt+enter newline  / commands  @ mention  esc navigate  ctrl+c stop   ● box  "
