---
source: crates/herder-tui/src/views/tests.rs
expression: terminal.backend()
---
" ‹ back  herder                                                                                             inbox 0  +  "
"┌ sessions ───────────────────────────┐┌──────────────────────────────────────────────────────────────────────────────┐ "
"│● box (3)                            ││                                                                              │ "
"│ needs you app · herder/api #7✓      ││                                                                              │ "
"│ running   docs · herder/guide #3    ││                                                                              │ "
"│ idle      app · herder/fix-login    ││                                                                              │ "
"│● laptop (3)                         ││                                                                              │ "
"│ idle      scratch · herder/try      ││                                                                              │ "
"│ running   ▾ app · herder/c… (1) #12…││                                                                              │ "
"│ running   └ test the cache          ││                                                                              │ "
"│                                     ││                                                                              │ "
"│                                     ││                                                                              │ "
"│                                     ││                                                                              │ "
"│                            ┌ new session ──────────────────────────────────────── esc ┐                             │ "
"│                            │                                                          │                             │ "
"│                            │  search   type to filter                                 │                             │ "
"│                            │                                                          │                             │ "
"│                            │  project                                                 │                             │ "
"│                            │ ▶ app  github.com/acme/app                 box · laptop  │                             │ "
"│                            │   docs  github.com/acme/docs                        box  │                             │ "
"│                            │   scratch  h2:/work/scratch                      laptop  │Enter.                       │ "
"│                            │   + a repository by path                                 │                             │ "
"│                            │                                                          │                             │ "
"│                            │  enter choose  esc close                                 │                             │ "
"│                            │                                                          │                             │ "
"│                            └──────────────────────────────────────────────────────────┘                             │ "
"│                                     ││                                                                              │ "
"│                                     ││                                                                              │ "
"│                                     ││                                                                              │ "
"│                                     ││                                                                              │ "
"│                                     ││                                                                              │ "
"│                                     ││                                                                              │ "
"│                                     ││                                                                              │ "
"│                                     ││                                                                              │ "
"│                                     ││                                                                              │ "
"│                                     ││                                                                              │ "
"│                                     ││                                                                              │ "
"│                                     ││                                                                              │ "
"└─────────────────────────────────────┘└──────────────────────────────────────────────────────────────────────────────┘ "
" ? help  q quit                                                                    ● box connected  ● laptop connected  "
