---
source: crates/herder-tui/src/views/tests.rs
expression: "render(&mut app, 100, 20).backend()"
---
" herder        inbox 1 « │                                                                          "
"                         │                                                                          "
" machines     by machine │                                                                          "
"  ◉ box                1 │                                                                          "
"▶   ├ ◉ app · api      ? │                                                                          "
"    │ ├ ● write the tes… │                                                                          "
"    │ └ ✗ document it    │                                                                          "
"    └ ○ app · fix-login  │                                                                          "
"                         │                                                                          "
" ─────────────────────── │                                                                          "
" attention      priority │  ┃                                                                       "
"  ◉ api · app · box      │  ┃ ? question                                            asked 0s ago    "
"  ✗ document it · app    │  ┃ Which database should the cache use?                                  "
"  ● write the tests      │  ┃ or type an answer…                                                    "
"                         │  ┃                                                                       "
"                         │  ┃ claude-main · claude-opus · ask                                       "
" ─────────────────────── │  ╹                                                                       "
" + new            ≡ menu │    ⠋ working · 0s                                                        "
"─────────────────────────┴───────────────────────────────────────────────────────────────────────── "
"  APPROVAL   ◉ 1 waiting  1-9 pick  i type an answer  esc navigate  ctrl+x leader            ● box  "
