---
source: crates/herder-tui/src/views/tests.rs
expression: terminal.backend()
---
" herder        inbox 0 « │  chat   tasks 2   prs   term                      │ ◉ api  needs you                         "
"                         │                                                   │ herder/api · box · ~/src/app             "
" machines     by machine │ ┌ app · herder/api needs you ───────────────────┐ │ claude-main · claude-opus · ask          "
"  ◉ box                1 │ │you                                            │ │                                          "
"▶   ├ ◉ app · api        │ │  Add a health endpoint and test it.           │ │ Tasks 2                                  "
"    │ ├ ● write the tes… │ │                                               │ │ ● write the tests                        "
"    │ └ ✗ document it    │ │thinking                                       │ │ ✗ document it                            "
"    └ ○ app · fix-login  │ │  The router lives in src/api.rs.              │ │                                          "
"                         │ │  $ Bash cargo test --workspace                │ │                                          "
" ─────────────────────── │ │    └ running 12 tests (+2 lines)              │ │                                          "
" attention      priority │ │                                               │ │                                          "
"  ◉ api · app · box      │ │assistant                                      │ │                                          "
"  ✗ document it · app    │ │  Plan                                         │ │                                          "
"  ● write the tests      │ │  I added `GET /health`; it returns 200 with   │ │                                          "
"                         │ │  the build version, so load balancers can     │ │                                          "
"                         │ │  probe it.                                    │ │                                          "
"                         │ │  • one route                                  │ │                                          "
"                         │ │  • one test                                   │ │                                          "
"                         │ │  ```rust                                      │ │                                          "
"                         │ │  fn health() {}                               │ │                                          "
"                         │ │  ```                                          │ │                                          "
"                         │ │                                               │ │                                          "
"                         │ │assistant …                                    │ │                                          "
"                         │ │  Now the docs: the endpoint is▌               │ │                                          "
"                         │ │                                               │ │                                          "
"                         │ │                                               │ │                                          "
"                         │ │                                               │ │                                          "
"                         │ │                                               │ │                                          "
"                         │ │                                               │ │                                          "
"                         │ │                                               │ │                                          "
"                         │ │                                               │ │                                          "
"                         │ │                                               │ │                                          "
"                         │ │                                               │ │                                          "
"                         │ │                                               │ │                                          "
"                         │ └───────────────────────────────────────────────┘ │                                          "
"                         │ ┌ message ──────────────────────────────────────┐ │                                          "
" ─────────────────────── │ │ Write a prompt…                               │ │                                          "
" + new            ≡ menu │ └─────────────────────────────────── i to write ┘ │                                          "
"─────────────────────────┴───────────────────────────────────────────────────┴───────────────────────────────────────── "
"  NAVIGATE   i write  j/k scroll  esc sidebar  s switch  p prs  ctrl+x leader  ? help                            ● box  "
