---
source: crates/herder-tui/src/views/tests.rs
expression: "render(&mut app, 100, 20).backend()"
---
" box › app · herder/api                                                                 inbox 0  +  "
"┌ sessions ─────────────────────┐    Working on it▌                                                 "
"│● box (4)                      │                                                                   "
"│ needs you ▾ app · herder/… (2)│ ┃                                                                 "
"│ running   └ write the tests   │ ┃ then add docs                                         queued    "
"│ error     └ document it       │ ┃                                                                 "
"│ idle      app · herder/fix-lo…│                                                                   "
"│                               │                                                                   "
"│                               │                                                                   "
"│                               │                                                                   "
"│                               │                                                                   "
"│                               │                                                                   "
"│                               │                                                                   "
"│                               │                                                                   "
"│                               │ ┃ and a changelog entry                                           "
"│                               │ ┃                                                                 "
"│                               │ ┃ claude-main · claude-opus · ask                                 "
"│                               │ ╹                                                                 "
"└───────────────────────────────┘   ⠋ working · 0s  ctrl+c stop  1 queued                           "
" enter send  shift+enter newline  / commands  @ mention  esc navigate              ● box connected  "
