---
source: crates/herder-tui/src/views/tests.rs
expression: "render(&mut app, 100, 20).backend()"
---
" herder        inbox 0 « │ ┌ app · herder/api needs you ──────── claude-main · claude-opus · ask ┐  "
"                         │ │assistant …                                                          │  "
" machines     by machine │ │  Working on it▌                                                     │  "
"  ◉ box                1 │ │                                                                     │  "
"▶   ├ ◉ app · api        │ │you · queued                                                         │  "
"    │ ├ ● write the tes… │ │  ithen add docs                                                     │  "
"    │ └ ✗ document it    │ │                                                                     │  "
"    └ ○ app · fix-login  │ │                                                                     │  "
"                         │ │                                                                     │  "
" ─────────────────────── │ │                                                                     │  "
" attention      priority │ │                                                                     │  "
"  ◉ api · app · box      │ │                                                                     │  "
"  ✗ document it · app    │ │                                                                     │  "
"  ● write the tests      │ │                                                                     │  "
"                         │ └─────────────────────────────────────────────────────────────────────┘  "
"                         │ ┌ message · 1 queued ─────────────────────────────────────────────────┐  "
" ─────────────────────── │ │and a changelog entry                                                │  "
" + new            ≡ menu │ └──────────────────────── Enter send · Alt-Enter new line · Esc leave ┘  "
"─────────────────────────┴───────────────────────────────────────────────────────────────────────── "
"  PROMPT   enter send  alt+enter newline  esc navigate  ctrl+c stop  ctrl+x leader           ● box  "
