---
source: crates/herder-tui/src/views/tests.rs
expression: "render(&mut app, 110, 14).backend()"
---
" herder        inbox 0 « │ ┌ pull requests · every session ────────────────────────────────────────────────┐  "
"                         │ │box · app · herder/api  needs you                                              │  "
" machines     by machine │ │  #7 open   ✓ ci  ✓ approved ✓ merge    Add a health endpoint  fix-7           │  "
"  ◉ box                1 │ │  #9 draft  ✗ ci  … review   ✗ conflict Document the health endpoint  fix-9    │  "
"▶   ├ ◉ app · api        │ │                                                                               │  "
"    │ ├ ● write the tes… │ │box · write the tests  running                                                 │  "
" ─────────────────────── │ │  #8 merged ✓ ci                        Test the health endpoint  fix-8        │  "
" attention      priority │ │                                                                               │  "
"  ◉ api · app · box      │ │                                                                               │  "
"  ✗ document it · app    │ │                                                                               │  "
" ─────────────────────── │ │                                                                               │  "
" + new            ≡ menu │ └──────────────────────── Enter open · l session · x unlink · L link · Esc back ┘  "
"─────────────────────────┴─────────────────────────────────────────────────────────────────────────────────── "
"  NAVIGATE   j/k move  enter browser  l session  x unlink  esc back                                    ● box  "
