---
source: crates/herder-tui/src/views/tests.rs
expression: "render(&mut app, 100, 30).backend()"
---
" » │  chat   tasks 2   prs 1   term                      │ ● api  running                           "
"   │                                                     │ herder/api · box · ~/src/app             "
" ◉ │ ┌ app · herder/api running ─────────────────────────│ claude-main · claude-opus · ask          "
" ● │ │  · pull request #12 linked: Add health endpoint   │                                          "
" ○ │ │                                                   │ Usage · claude-main                      "
"   │ │you                                                │ Session                        38%       "
" ─ │ │  Add a health endpoint and test it.               │ Weekly                         12%       "
" ◉ │ │                                                   │ failover on                              "
" ✓ │ │thinking                                           │                                          "
" ● │ │  Where the router lives.                          │ Tasks 2                                  "
" ● │ │  ⚙ Bash cargo test --workspace                    │ ● write tests                            "
" ● │ │    ⎿ running 12 tests (+2 lines)                  │ ◉ docs ?                                 "
"   │ │                                                   │                                          "
"   │ │assistant                                          │ Pull requests                            "
"   │ │  I added `GET /health`; it returns 200 with the bu│ #12 ✓ Add health endpoint                "
"   │ │  it.                                              │                                          "
"   │ │                                                   │ Resources                                "
"   │ │                                                   │ box  cpu  42% mem  62%                   "
"   │ │                                                   │ cpu 12% · mem 768 MiB · 3 processes      "
"   │ │                                                   │ ● app-db-1 running                       "
"   │ │                                                   │ ○ app-web-1 exited                       "
"   │ │                                                   │ :down brings app down                    "
"   │ │                                                   │                                          "
"   │ │                                                   │                                          "
"   │ └───────────────────────────────────────────────────│                                          "
"   │ ┌ message · queues behind the turn ─────────────────│                                          "
"   │ │ Write a prompt…                                   │                                          "
"   │ └───────────────────────────────────────────────────│                                          "
"───┴─────────────────────────────────────────────────────┴───────────────────────────────────────── "
"  NAVIGATE   ◉ 1 waiting  j/k move  enter open  n new  v group  z fold  : commands     ● box  ● m2  "
