---
source: crates/herder-tui/src/views/tests.rs
expression: "render(&mut app, 90, 20).backend()"
---
"┌ sessions ──────────────────┐┌──────────────────────────────────────────────────────────┐"
"│● box (4)                   ││                                                          │"
"│ needs you ▾ app · herd… (2)││                                                          │"
"│ running   └ write the tests││                                                          │"
"│ ┌ machines ──────────────────────────────────────────────────────────────────────────┐ │"
"│ │ ● box              4 sessions   connected                                          │ │"
"│✗│ ✗ laptop           0 sessions   connection refused                                 │ │"
"│ │                                                                                    │ │"
"│ │ laptop                                                                             │ │"
"│ │   state        connection refused                                                  │ │"
"│ │   role         not known until connected                                           │ │"
"│ │   host id      h2                                                                  │ │"
"│ │   addresses    127.0.0.1:7447                                                      │ │"
"│ │   fingerprint  abababababababababababababababababababababababababababababababab    │ │"
"│ └────────────────────────── a add  r reconnect  Esc close ───────────────────────────┘ │"
"│                            ││                                                          │"
"│                            ││                                                          │"
"│                            ││                                                          │"
"└────────────────────────────┘└──────────────────────────────────────────────────────────┘"
" ● box connected  ✗ laptop connection refused                              ? help  q quit "
