---
source: crates/herder-tui/src/views/tests.rs
expression: terminal.backend()
---
" accounts                            < back  "
" ! 1 need you  x 1  * 1  x laptop offline    "
"                                             "
"  * box                     sessions pinned  "
">   Main  claude - failover off  4 sessions  "
"      Session         ###-----  42%  2h 13m  "
"      Weekly          ######--  74%  5d 3h   "
"      Weekly - Fable  #######-  93%  5d 3h   "
"    Work  claude - failover on               "
"      no usage reported yet                  "
"    codex  codex - failover off              "
"      Session         #-------   8%  40m     "
"      Weekly          ##------  20%  1d 0h   "
"                                             "
"  x laptop               connection refused  "
"    no accounts: n adds one                  "
"                                             "
" A session whose account hits a limit        "
" moves to an account with failover on, of    "
" the same provider and on the same model,    "
" unless its machine pins sessions. Both      "
" are set in the machine's daemon config      "
" (failover = true per account, [failover]    "
" pin).                                       "
"                                             "
"                                             "
"                                             "
"                                             "
"                                             "
"                                             "
"                                             "
"                                             "
"                                             "
"                                             "
"                                             "
"                                             "
"                                             "
"                                             "
"                                             "
" n add   esc close                           "
