---
source: crates/herder-tui/src/views/tests.rs
expression: terminal.backend()
---
" ~ api - app - box             1/4  │ switch "
" x 1 error  * 1  ~ 1                │        "
"──────────────────────────────────────────── "
"┌ resources ───────────────────────────────┐ "
"│ waiting for capacity - 4/4 turns         │ "
"│ cpu 12% - mem 768 MiB - 3 processes      │ "
"│ * app-db-1 running                       │ "
"│ o app-web-1 exited                       │ "
"│ :down brings app down                    │ "
"└──────────────────────────────────────────┘ "
"                                             "
"                                             "
"                                             "
"                                             "
"                                             "
"                                             "
"                                             "
"                                             "
"                                             "
"                                             "
"                                             "
"                                             "
"                                             "
"                                             "
"                                             "
"                                             "
"                                             "
"                                             "
"                                             "
"                                             "
"                                             "
"                                             "
"                                             "
"                                             "
" │ Write a prompt.                           "
" │                                           "
" │ claude-main - claude-opus - ask           "
" └─────────────────────────────────────────  "
"                                             "
" > send   s switch   t term                  "
