---
source: crates/herder-tui/src/views/tests.rs
expression: terminal.backend()
---
" switch                                      "
" ! 1 need you  * 3 running                   "
"──────────────────────────────────────────── "
" attention                                   "
"  ! api - app                           box  "
"  * cache - app                      laptop  "
"  * test the cache - app             laptop  "
"  * guide - docs                        box  "
"                                             "
" projects                                    "
"  ! app                      box - laptop 1  "
">   ├ * cache                                "
"    │ └ * test the cache                     "
"    ├ ! api                                  "
"    └ o fix-login                            "
"  * docs                                box  "
"    └ * guide                                "
"  o scratch                          laptop  "
"    └ o try                                  "
"  + new session                              "
"                                             "
" views                                       "
"  inbox 0   prs 3   accounts   fleet         "
"                                             "
" menu                                        "
"  keys   reconnect   quit                    "
"                                             "
"                                             "
"                                             "
"                                             "
"                                             "
"                                             "
"                                             "
"                                             "
"                                             "
"                                             "
"                                             "
"                                             "
"                                             "
" > open   n new   s switch   t term   : cmd  "
