---
source: crates/herder-tui/src/views/tests.rs
expression: "render(&mut app, width, height).backend()"
---
" herder        inbox 0 « │  chat   tasks 2   prs   term                                                              │ ◉ api  needs you                         "
"                         │                                                                                           │ herder/api · box · ~/src/app             "
" machines     by machine │  ┃ ← Edit src/api.rs  +6 -0                                                               │ claude-main · claude-opus · ask          "
"  ◉ box                1 │  ┃   pub fn router() -> Router {                pub fn router() -> Router {               │                                          "
"▶   ├ ◉ app · api        │  ┃       Router::new()                              Router::new()                         │ Usage · claude-main                      "
"    │ ├ ● write the tes… │  ┃           .route("/", get(index))                    .route("/", get(index))           │ Session  ████████░░░░░░░░░░░░  38%       "
"    │ └ ✗ document it    │  ┃                                            +         .route("/health", get(health))    │ Weekly   ██░░░░░░░░░░░░░░░░░░  12%       "
"    └ ○ app · fix-login  │  ┃                                            + }                                         │                                          "
"                         │  ┃                                            +                                           │ Tasks 2                                  "
" ─────────────────────── │  ┃                                            + /// 200 with the build version, for loa…  │ ● write the tests                        "
" attention      priority │  ┃                                            + async fn health() -> &'static str {       │ ✗ document it                            "
"  ◉ api · app · box      │  ┃                                            +     env!("CARGO_PKG_VERSION")             │                                          "
"  ✗ document it · app    │  ┃   }                                          }                                         │                                          "
"  ● write the tests      │  ┃                                                                                        │                                          "
"                         │                                                                                           │                                          "
"                         │     ☐ Todos 2/4                                                                           │                                          "
"                         │     ◇ Task write tests → herder/api-tests                                                 │                                          "
"                         │       └ $ cargo test -p api health                                                        │                                          "
"                         │                                                                                           │                                          "
"                         │     I added GET /health; it returns 200 with the build version so load balancers can      │                                          "
"                         │     probe it.                                                                             │                                          "
"                         │                                                                                           │                                          "
"                         │     • one route in src/api.rs                                                             │                                          "
"                         │     • one test, in a child session                                                        │                                          "
"                         │                                                                                           │                                          "
"                         │     ▣ claude-main · claude-opus · 1m 12s                                                  │                                          "
"                         │                                                                                           │                                          "
"                         │  ┃                                                                                        │                                          "
"                         │  ┃ Good. Now remove the old target directory.                                             │                                          "
"                         │  ┃                                                                                        │                                          "
"                         │                                                                                           │                                          "
"                         │     Removing the old target next: first I check that nothing▌                             │                                          "
"                         │                                                                                           │                                          "
"                         │  ┃  Write a prompt…                                                                       │                                          "
"                         │  ┃                                                                                        │                                          "
"                         │  ┃ claude-main · claude-opus · ask                                                        │                                          "
" ─────────────────────── │  ╹                                                                                        │                                          "
" + new            ≡ menu │    ⠋ working · 1m 12s                                                 claude-main 5h 38%  │                                          "
"─────────────────────────┴───────────────────────────────────────────────────────────────────────────────────────────┴───────────────────────────────────────── "
"  PROMPT   enter send  alt+enter newline  / commands  @ mention  esc navigate  ctrl+c stop  ctrl+x leader                                                ● box  "
