---
source: crates/herder-tui/src/views/tests.rs
expression: "render(&mut app, 45, 20).backend()"
---
" ! api - app - box             1/4  │ switch "
" ! 1 need you  x 1  * 1             │    !   "
"──────────────────────────────────────────── "
"┌──────────────────────────────────────────┐ "
"│assistant                                 │ "
"│  Done - the "fix" works. mostly > ship it│ "
"│                                          │ "
"│                                          │ "
"│                                          │ "
"│                                          │ "
"│                                          │ "
"│                                          │ "
"│                                          │ "
"│                                          │ "
"│                                          │ "
"└──────────────────────────────────────────┘ "
"┌ message ─────────────────────────────────┐ "
"│ Write a prompt.                          │ "
"└────────────────────────────── i to write ┘ "
" i write   < back   s switch   t term        "
