---
source: crates/herder-tui/src/views/tests.rs
expression: "render(&mut app, 100, 20).backend()"
---
" ‹ back  box › app · herder/api                                                         inbox 0  +  "
"┌ sessions ─────────────────────┐┌ app · herder/api needs you ─── claude-main · claude-opus · ask ┐ "
"│● box (4)                      ││                                                                │ "
"│ nee┌ commands ─────────────────────────────────────────────────────────────────────── esc ┐     │ "
"│ run│                                                                                      │     │ "
"│ err│  :   acc                                                                             │     │ "
"│ idl│                                                                                      │     │ "
"│    │ ▶ accounts                accounts and their usage                                A  │     │ "
"│    │   switch                  switch account, provider or model                       s  │     │ "
"│    │   mode <mode>             permission mode: read_only ask auto_edit full_access       │     │ "
"│    │   fleet                   machines and their connections                          m  │     │ "
"│    │   archive                 archive the session                                        │     │ "
"│    │   archive!                archive, discarding its worktree changes                   │     │ "
"│    │                                                                                      │     │ "
"│    │  enter run  tab complete  esc close                                                  │     │ "
"│    │                                                                                      │─────┘ "
"│    └──────────────────────────────────────────────────────────────────────────────────────┘─────┐ "
"│                               ││ Write a prompt…                                                │ "
"└───────────────────────────────┘└──────────────────────────────────────────────────── i to write ┘ "
" ? help  q quit                                                                    ● box connected  "
