---
source: crates/herder-tui/src/views/tests.rs
expression: "render(app, width, height).backend()"
---
" box › app · herder/api                                                                                     inbox 0  +  "
"┌ sessions ───────────────────────────┐┌ resources ───────────────────────────────────────────────────────────────────┐ "
"│● box (4) cpu  42% mem  62%          ││ waiting for capacity · 4/4 turns, the turn cap binds                         │ "
"│ waiting   ▾ app · herder/api (2)    ││ cpu 12% · mem 768 MiB · 3 processes                                          │ "
"│ running   └ write the tests         ││ ● app-db-1 running · postgres:16                                             │ "
"│ error     └ document it             ││ ○ app-web-1 exited · node:22                                                 │ "
"│ idle      app · herder/fix-login    ││ :down brings app down                                                        │ "
"│                                     │└──────────────────────────────────────────────────────────────────────────────┘ "
"│                                     │┌ app · herder/api waiting ─────────────────── claude-main · claude-opus · ask ┐ "
"│                                     ││                                                                              │ "
"│                                     ││                                                                              │ "
"│                                     ││                                                                              │ "
"│                                     ││                                                                              │ "
"│                                     ││                                                                              │ "
"│                                     ││                                                                              │ "
"│                                     ││                                                                              │ "
"│                                     ││                                                                              │ "
"│                                     ││                                                                              │ "
"│                                     ││                                                                              │ "
"│                                     ││                                                                              │ "
"│                                     ││                                                                              │ "
"│                                     ││                                                                              │ "
"│                                     ││                                                                              │ "
"│                                     ││                                                                              │ "
"│                                     ││                                                                              │ "
"│                                     ││                                                                              │ "
"│                                     ││                                                                              │ "
"│                                     ││                                                                              │ "
"│                                     ││                                                                              │ "
"│                                     ││                                                                              │ "
"│                                     ││                                                                              │ "
"│                                     ││                                                                              │ "
"│                                     ││                                                                              │ "
"│                                     ││                                                                              │ "
"│                                     ││                                                                              │ "
"│                                     │└──────────────────────────────────────────────────────────────────────────────┘ "
"│                                     │┌ message ─────────────────────────────────────────────────────────────────────┐ "
"│                                     ││ Write a prompt…                                                              │ "
"└─────────────────────────────────────┘└────────────────────────────────────────────────────────────────── i to write ┘ "
" ● box connected                                                                                        ? help  q quit  "
