---
source: crates/herder-tui/src/views/tests.rs
expression: "render(&mut app, width, height).backend()"
---
" herder        inbox 0 « │  chat   tasks   prs   term                        │ ○ docs  idle                             "
"                         │                                                   │ herder/docs · vault · ~/src/app          "
" machines     by machine │                                                   │ claude-main · claude-opus · ask          "
"  ○ vault                │                                                   │                                          "
"    ├ ○ devbox           │                                                   │                                          "
"    │ ├ ○ app · api      │                                                   │                                          "
"    │ └ ○ app · login    │                                                   │                                          "
"    └ ○ laptop   offline │                                                   │                                          "
"▶     └ ○ app · docs     │                                                   │                                          "
"                         │                                                   │                                          "
"                         │                                                   │                                          "
"                         │                                                   │                                          "
"                         │                                                   │                                          "
"                         │                                                   │                                          "
"                         │                                                   │                                          "
"                         │                                                   │                                          "
"                         │                                                   │                                          "
"                         │                                                   │                                          "
"                         │                                                   │                                          "
"                         │                                                   │                                          "
" ─────────────────────── │  laptop is offline · R recover                    │                                          "
" + new            ≡ menu │                                                   │                                          "
"─────────────────────────┴───────────────────────────────────────────────────┴───────────────────────────────────────── "
"  NAVIGATE   i write  j/k scroll  [ ] items  e expand  c copy  esc sidebar  s switch  p prs  ctrl+x leader     ● vault  "
