---
source: crates/herder-tui/src/views/tests.rs
expression: terminal.backend()
---
" herder                                                                                                     inbox 0  +  "
"┌ sessions · by project ──────────────┐                                                                                 "
"│◆ app (4) · box, laptop              │                                                                                 "
"│ running   ▾ herder/… (1) #12… laptop│                                                                                 "
"│ running   └ test the cache laptop   │                                                                                 "
"│ needs you herder/api #7✓ box        │                                                                                 "
"│ idle      herder/fix-login box      │                                                                                 "
"│◆ docs (1) · box                     │                                                                                 "
"│ running   herder/guide #3 box       │                                                                                 "
"│◆ scratch (1) · laptop               │                                                                                 "
"│ idle      herder/try laptop         │                                                                                 "
"│                                     │                                                                                 "
"│                                     │                                                                                 "
"│                                     │                                                                                 "
"│                                     │                                                                                 "
"│                                     │                                                                                 "
"│                                     │                                                                                 "
"│                                     │                                                                                 "
"│                                     │                                                                                 "
"│                                     │                                                                                 "
"│                                     │                       Select a session and press Enter.                         "
"│                                     │                                                                                 "
"│                                     │                                                                                 "
"│                                     │                                                                                 "
"│                                     │                                                                                 "
"│                                     │                                                                                 "
"│                                     │                                                                                 "
"│                                     │                                                                                 "
"│                                     │                                                                                 "
"│                                     │                                                                                 "
"│                                     │                                                                                 "
"│                                     │                                                                                 "
"│                                     │                                                                                 "
"│                                     │                                                                                 "
"│                                     │                                                                                 "
"│                                     │                                                                                 "
"│                                     │                                                                                 "
"│                                     │                                                                                 "
"└─────────────────────────────────────┘                                                                                 "
" ? help  q quit                                                                    ● box connected  ● laptop connected  "
