---
source: crates/herder-tui/src/views/tests.rs
expression: "render(app, width, height).backend()"
---
" ‹ back  box › app · api          inbox 0  + "
"┌───────────────────────────────────────────┐"
"│you                                        │"
"│  Add a health endpoint and test it.       │"
"│                                           │"
"│thinking                                   │"
"│  The router lives in src/api.rs.          │"
"│  ⚙ Bash cargo test --workspace            │"
"│    ⎿ running 12 tests (+2 lines)          │"
"│                                           │"
"│assistant                                  │"
"│  Plan                                     │"
"│  I added `GET /health`; it returns 200    │"
"│  with the build version, so load balancers│"
"│  can probe it.                            │"
"│  • one route                              │"
"│  • one test                               │"
"│  ```rust                                  │"
"│  fn health() {}                           │"
"│  ```                                      │"
"│                                           │"
"│assistant …                                │"
"│  Now the docs: the endpoint is▌           │"
"│                                           │"
"│                                           │"
"│                                           │"
"│                                           │"
"│                                           │"
"│                                           │"
"│                                           │"
"│                                           │"
"│                                           │"
"│                                           │"
"│                                           │"
"└───────────────────────────────────────────┘"
"┌ message ──────────────────────────────────┐"
"│ Write a prompt…                           │"
"└─────────────────────────────── i to write ┘"
" i write   s switch   t term                 "
" ● box                                ? help "
