---
source: crates/herder-tui/src/views/tests.rs
expression: terminal.backend()
---
" herder        inbox 0 « │                                                      "
"                         │                                                      "
" machines     by machine │     No session open                                  "
"  ◉ box                1 │                                                      "
"▶   ├ ◉ app · api        │       enter  open the selected session               "
" ─────────────────────── │           n  start a new session                     "
" attention      priority │           I  inbox: what waits on you                "
"  ◉ api · app · box      │      ctrl+x  leader: every view, from anywhere       "
" ─────────────────────── │           ?  every key                               "
" + new            ≡ menu │                                                      "
"─────────────────────────┴───────────────────────────────────────────────────── "
"  NAVIGATE   j/k move  enter open  n new  v group  z fold  : commands    ● box  "
