---
source: crates/herder-tui/src/views/tests.rs
expression: "render(&mut app, 90, 20).backend()"
---
" herder        inbox 0 « │                                                                "
"                         │                                                                "
" machines     by machine │   ┌ machines ─────────────────────────────────────────────┐    "
"  ◉ box                1 │   │ ● box              4 sessions   connected             │    "
"▶   ├ ◉ app · api        │   │ ✗ laptop           0 sessions   connection refused    │    "
"    │ ├ ● write the tes… │   │                                                       │    "
"    │ └ ✗ document it    │   │ laptop                                                │    "
"    └ ○ app · fix-login  │   │   state        connection refused                     │    "
"  · laptop       offline │   │   role         not known until connected              │    "
"                         │   │   accounts     none                                   │    "
" ─────────────────────── │   │   resources    none while not connected               │    "
" attention      priority │   │   host id      h2                                     │    "
"  ◉ api · app · box      │   │   addresses    127.0.0.1:7447                         │    "
"  ✗ document it · app    │   │   fingerprint  ababababababababababababababababababab │    "
"  ● write the tests      │   │                ababababababababababababab             │    "
"                         │   └t  e rename  d forget  r reconnect  Esc close ─────────┘    "
" ─────────────────────── │                                                                "
" + new            ≡ menu │                                                                "
"─────────────────────────┴─────────────────────────────────────────────────────────────── "
" esc close                                                               ● box  ✗ laptop  "
