---
source: crates/herder-tui/src/views/tests.rs
expression: "render(&mut app, 90, 20).backend()"
---
"              ┌ add machine ──────────────────────────────────────── esc ┐                "
"              │                                                          │                "
"              │  On the machine to add, run `herder pair` and paste the  │                "
"              │  link it prints.                                         │                "
"              │                                                          │                "
"              │  link          herder://pair?…                           │                "
"              │                                                          │                "
"              │  or what it prints, line by line:                        │                "
"              │  address       box.lan                                   │                "
"              │  fingerprint   9f86d0                                    │                "
"              │  code          one-time code                             │                "
"              │                                                          │,               "
"              │  the fingerprint is 64 hex digits, as `herder pair`      │                "
"              │  prints it                                               │                "
"              │                                                          │                "
"              │  enter next  tab field  esc cancel                       │                "
"              │                                                          │                "
"              └──────────────────────────────────────────────────────────┘                "
"───────────────────────────────────────────────────────────────────────────────────────── "
" esc close                                                                                "
