---
source: crates/herder-tui/src/views/tests.rs
expression: terminal.backend()
---
" < back  herder                  inbox 0  +  "
"┌ sessions ────────────────────────────────┐ "
"│* box (3)                                 │ "
"│ ! app - api #7v                          │ "
"│ * docs - guide #3                        │ "
"│ o app - fix-login                        │ "
"│* laptop (3)                              │ "
"│ o scratch - try                          │ "
"│ * v app - cache (1) #12.                 │ "
"│ * └ test the cache                       │ "
"│                                          │ "
"│                                          │ "
"│                                          │ "
"┌ new session ──────────────────────── esc ┐ "
"│                                          │ "
"│  search   type to filter                 │ "
"│                                          │ "
"│  project                                 │ "
"│ > app  github.com/acme...  box - laptop  │ "
"│   docs  github.com/acme/docs        box  │ "
"│   scratch  h2:/work/scratch      laptop  │ "
"│   + a repository by path                 │ "
"│                                          │ "
"│  enter choose  esc close                 │ "
"│                                          │ "
"└──────────────────────────────────────────┘ "
"│                                          │ "
"│                                          │ "
"│                                          │ "
"│                                          │ "
"│                                          │ "
"│                                          │ "
"│                                          │ "
"│                                          │ "
"│                                          │ "
"│                                          │ "
"│                                          │ "
"└──────────────────────────────────────────┘ "
" > ok   esc close                            "
" ? help                     * box  * laptop  "
