---
source: crates/herder-tui/src/views/tests.rs
expression: terminal.backend()
---
" fleet                               < back  "
" ! 1 need you  x 1 error  * 1 running        "
"                                             "
"> * box  owner             cpu 42%  mem 62%  "
"    abab...abab - 0 accounts - 4 sessions    "
"                                             "
"  box                                        "
"  state         connected                    "
"  role          owner                        "
"  accounts      none                         "
"  cpu           42% of 8 cores               "
"  load          3.25 over 1 min              "
"  memory        10.0 / 16.0 GiB, 62%         "
"  pressure      cpu 3% mem 12% io 0%         "
"  memory stall  1% of the last 10 s          "
"  turns         4/4 running, 1 waiting       "
"  binds         the turn cap                 "
"  host id       h1                           "
"  addresses     127.0.0.1:7447               "
"  fingerprint   abababababababababababababa  "
"                bababababababababababababab  "
"                ababababab                   "
"                                             "
"                                             "
"                                             "
"                                             "
"                                             "
"                                             "
"                                             "
"                                             "
"                                             "
"                                             "
"                                             "
"                                             "
"                                             "
"                                             "
"                                             "
"                                             "
"                                             "
" a add   n account   e rename   d forget     "
