---
source: crates/herder-tui/src/views/tests.rs
expression: terminal.backend()
---
" herder        inbox 0 « │  chat   tasks   prs   term                                               "
"                         │                                                                          "
" machines     by machine │                                                                          "
"  ○ vault                │                                                                          "
"    ├ ○ devbox           │                                                                          "
"    │ ├ ○ app · api      │                                                                          "
"    │ └ ○ app · log┌ fork · app · docs ────────────────────────────────── esc ┐                     "
"    └ ○ laptop   of│                                                          │                     "
"▶     └ ○ app · doc│  ✗ on laptop · offline, last seen 2h 5m ago              │                     "
"                   │                                                          │                     "
"                   │  No host is paired here with you as its owner. Run on    │                     "
"                   │  the host to fork it onto:                               │                     "
"                   │                                                          │                     "
"                   │  $ herder fork s2                                        │                     "
"                   │                                                          │                     "
"                   │  The fork is a new session with this one's history,      │                     "
"                   │  in a new worktree from its last checkpoint. This one    │                     "
"                   │  stays as it is.                                         │                     "
"                   │                                                          │                     "
"                   │  j/k host  esc close                                     │                     "
"                   │                                                          │                     "
"                   └──────────────────────────────────────────────────────────┘                     "
"                         │                                                                          "
"                         │                                                                          "
"                         │                                                                          "
"                         │                                                                          "
" ─────────────────────── │  laptop is offline · F fork                                              "
" + new            ≡ menu │                                                                          "
"─────────────────────────┴───────────────────────────────────────────────────────────────────────── "
" esc close                                                                                 ● vault  "
