---
source: crates/herder-tui/src/views/tests.rs
expression: terminal.backend()
---
" herder        inbox 0 « │ pull requests · 3 open                                                                                                   by project  "
"                         │                                                                                                                                      "
" projects     by project │  app                                                                                                                                 "
"  ◉ app                1 │ ▶ #12  draft   ci …  review –  merge ?  Cache the health checks                                                              cache   "
"▶   ├ ● cache            │   #7   open    ci ✓  review –  merge ?  Add a health endpoint                                                                  api   "
"    │ └ ● test the cache │                                                                                                                                      "
"    ├ ◉ api              │  docs                                                                                                                                "
"    └ ○ fix-login        │   #3   open    ci –  review –  merge ?  Write the health guide                                                               guide   "
"  ● docs                 │                                                                                                                                      "
"    └ ● guide            │                                                                                                                                      "
"  ○ scratch              │                                                                                                                                      "
"    └ ○ try              │                                                                                                                                      "
"                         │                                                                                                                                      "
" ─────────────────────── │                                                                                                                                      "
" attention      priority │                                                                                                                                      "
"  ◉ api · app · box      │                                                                                                                                      "
"  ● cache · app · laptop │                                                                                                                                      "
"  ● test the cache · app │                                                                                                                                      "
"  ● guide · docs · box   │                                                                                                                                      "
"                         │                                                                                                                                      "
"                         │                                                                                                                                      "
"                         │                                                                                                                                      "
"                         │                                                                                                                                      "
"                         │                                                                                                                                      "
"                         │                                                                                                                                      "
"                         │                                                                                                                                      "
"                         │                                                                                                                                      "
"                         │                                                                                                                                      "
"                         │                                                                                                                                      "
"                         │                                                                                                                                      "
"                         │                                                                                                                                      "
"                         │                                                                                                                                      "
"                         │                                                                                                                                      "
"                         │                                                                                                                                      "
"                         │                                                                                                                                      "
"                         │                                                                                                                                      "
" ─────────────────────── │                                                                                                                                      "
" + new            ≡ menu │                                                                                                                                      "
"─────────────────────────┴───────────────────────────────────────────────────────────────────────────────────────────────────────────────────────────────────── "
"  NAVIGATE   j/k move  enter browser  l session  x unlink  esc back                                                                            ● box  ● laptop  "
