---
source: crates/herder-tui/src/views/tests.rs
expression: "render(&mut app, width, height).backend()"
---
" * api - app - box             1/6  │ switch "
" ! 1 need you  * 3  v 1             │    !   "
"──────────────────────────────────────────── "
"┌ resources ───────────────────────────────┐ "
"│ cpu 12% - mem 768 MiB - 3 processes      │ "
"│ * app-db-1 running                       │ "
"│ o app-web-1 exited                       │ "
"│ :down brings app down                    │ "
"└──────────────────────────────────────────┘ "
"                                             "
" │ Add a health endpoint and test it.        "
"                                             "
"    + Thought: Where the router lives.       "
"                                             "
" │ $ cargo test --workspace                  "
" │ running 12 tests                          "
" │ test health::ok ... ok                    "
" │                                           "
" │ test result: ok                           "
"                                             "
"    I added GET /health; it returns 200      "
"    with the build version so load           "
"    balancers can probe it.                  "
"                                             "
" │ Write a prompt.                           "
" │                                           "
" │ claude-main - claude-opus - ask           "
" │                                           "
"   | working - 497509h 32m           5h 38%  "
" > send   ^c stop   s switch   t term        "
