---
source: crates/herder-tui/src/views/tests.rs
expression: "render(&mut app, 120, 10).backend()"
---
" herder        inbox 0 « │                                                                                              "
"                         │                         No session open                                                      "
" machines     by machine │                                                                                              "
"  ○ vault                │                           enter  open the selected session                                   "
"    ├ ○ devbox           │                               n  start a new session                                         "
"▶   │ ├ ○ app · api      │                               I  inbox: what waits on you                                    "
" ─────────────────────── │                          ctrl+x  leader: every view, from anywhere                           "
" + new            ≡ menu │                               ?  every key                                                   "
"─────────────────────────┴───────────────────────────────────────────────────────────────────────────────────────────── "
"  NAVIGATE   j/k move  enter open  n new  v group  z fold  : commands  ctrl+x leader  ? help                   ● vault  "
